Archive member included to satisfy reference by file (symbol)

c:/program files (x86)/atmel/studio/7.0/toolchain/arm/arm-gnu-toolchain/bin/../lib/gcc/arm-none-eabi/6.3.1/../../../../arm-none-eabi/lib/thumb/v7-m\libc.a(lib_a-exit.o)
                              c:/program files (x86)/atmel/studio/7.0/toolchain/arm/arm-gnu-toolchain/bin/../lib/gcc/arm-none-eabi/6.3.1/../../../../arm-none-eabi/lib/thumb/v7-m/crt0.o (exit)
c:/program files (x86)/atmel/studio/7.0/toolchain/arm/arm-gnu-toolchain/bin/../lib/gcc/arm-none-eabi/6.3.1/../../../../arm-none-eabi/lib/thumb/v7-m\libc.a(lib_a-impure.o)
                              c:/program files (x86)/atmel/studio/7.0/toolchain/arm/arm-gnu-toolchain/bin/../lib/gcc/arm-none-eabi/6.3.1/../../../../arm-none-eabi/lib/thumb/v7-m\libc.a(lib_a-exit.o) (_global_impure_ptr)
c:/program files (x86)/atmel/studio/7.0/toolchain/arm/arm-gnu-toolchain/bin/../lib/gcc/arm-none-eabi/6.3.1/../../../../arm-none-eabi/lib/thumb/v7-m\libc.a(lib_a-init.o)
                              c:/program files (x86)/atmel/studio/7.0/toolchain/arm/arm-gnu-toolchain/bin/../lib/gcc/arm-none-eabi/6.3.1/../../../../arm-none-eabi/lib/thumb/v7-m/crt0.o (__libc_init_array)
c:/program files (x86)/atmel/studio/7.0/toolchain/arm/arm-gnu-toolchain/bin/../lib/gcc/arm-none-eabi/6.3.1/../../../../arm-none-eabi/lib/thumb/v7-m\libc.a(lib_a-memcpy.o)
                              src/ASF/common/services/usb/class/cdc/device/udi_cdc.o (memcpy)
c:/program files (x86)/atmel/studio/7.0/toolchain/arm/arm-gnu-toolchain/bin/../lib/gcc/arm-none-eabi/6.3.1/../../../../arm-none-eabi/lib/thumb/v7-m\libc.a(lib_a-memset.o)
                              c:/program files (x86)/atmel/studio/7.0/toolchain/arm/arm-gnu-toolchain/bin/../lib/gcc/arm-none-eabi/6.3.1/../../../../arm-none-eabi/lib/thumb/v7-m/crt0.o (memset)
c:/program files (x86)/atmel/studio/7.0/toolchain/arm/arm-gnu-toolchain/bin/../lib/gcc/arm-none-eabi/6.3.1/../../../../arm-none-eabi/lib/thumb/v7-m\libc.a(lib_a-sprintf.o)
                              src/main.o (sprintf)
c:/program files (x86)/atmel/studio/7.0/toolchain/arm/arm-gnu-toolchain/bin/../lib/gcc/arm-none-eabi/6.3.1/../../../../arm-none-eabi/lib/thumb/v7-m\libc.a(lib_a-strlen-stub.o)
                              src/main.o (strlen)
c:/program files (x86)/atmel/studio/7.0/toolchain/arm/arm-gnu-toolchain/bin/../lib/gcc/arm-none-eabi/6.3.1/../../../../arm-none-eabi/lib/thumb/v7-m\libc.a(lib_a-svfprintf.o)
                              c:/program files (x86)/atmel/studio/7.0/toolchain/arm/arm-gnu-toolchain/bin/../lib/gcc/arm-none-eabi/6.3.1/../../../../arm-none-eabi/lib/thumb/v7-m\libc.a(lib_a-sprintf.o) (_svfprintf_r)
c:/program files (x86)/atmel/studio/7.0/toolchain/arm/arm-gnu-toolchain/bin/../lib/gcc/arm-none-eabi/6.3.1/../../../../arm-none-eabi/lib/thumb/v7-m\libc.a(lib_a-__call_atexit.o)
                              c:/program files (x86)/atmel/studio/7.0/toolchain/arm/arm-gnu-toolchain/bin/../lib/gcc/arm-none-eabi/6.3.1/../../../../arm-none-eabi/lib/thumb/v7-m\libc.a(lib_a-exit.o) (__call_exitprocs)
c:/program files (x86)/atmel/studio/7.0/toolchain/arm/arm-gnu-toolchain/bin/../lib/gcc/arm-none-eabi/6.3.1/../../../../arm-none-eabi/lib/thumb/v7-m\libc.a(lib_a-atexit.o)
                              c:/program files (x86)/atmel/studio/7.0/toolchain/arm/arm-gnu-toolchain/bin/../lib/gcc/arm-none-eabi/6.3.1/../../../../arm-none-eabi/lib/thumb/v7-m\libc.a(lib_a-__call_atexit.o) (atexit)
c:/program files (x86)/atmel/studio/7.0/toolchain/arm/arm-gnu-toolchain/bin/../lib/gcc/arm-none-eabi/6.3.1/../../../../arm-none-eabi/lib/thumb/v7-m\libc.a(lib_a-dtoa.o)
                              c:/program files (x86)/atmel/studio/7.0/toolchain/arm/arm-gnu-toolchain/bin/../lib/gcc/arm-none-eabi/6.3.1/../../../../arm-none-eabi/lib/thumb/v7-m\libc.a(lib_a-svfprintf.o) (_dtoa_r)
c:/program files (x86)/atmel/studio/7.0/toolchain/arm/arm-gnu-toolchain/bin/../lib/gcc/arm-none-eabi/6.3.1/../../../../arm-none-eabi/lib/thumb/v7-m\libc.a(lib_a-fini.o)
                              c:/program files (x86)/atmel/studio/7.0/toolchain/arm/arm-gnu-toolchain/bin/../lib/gcc/arm-none-eabi/6.3.1/../../../../arm-none-eabi/lib/thumb/v7-m\libc.a(lib_a-__call_atexit.o) (__libc_fini_array)
c:/program files (x86)/atmel/studio/7.0/toolchain/arm/arm-gnu-toolchain/bin/../lib/gcc/arm-none-eabi/6.3.1/../../../../arm-none-eabi/lib/thumb/v7-m\libc.a(lib_a-localeconv.o)
                              c:/program files (x86)/atmel/studio/7.0/toolchain/arm/arm-gnu-toolchain/bin/../lib/gcc/arm-none-eabi/6.3.1/../../../../arm-none-eabi/lib/thumb/v7-m\libc.a(lib_a-svfprintf.o) (_localeconv_r)
c:/program files (x86)/atmel/studio/7.0/toolchain/arm/arm-gnu-toolchain/bin/../lib/gcc/arm-none-eabi/6.3.1/../../../../arm-none-eabi/lib/thumb/v7-m\libc.a(lib_a-lock.o)
[...]
Memory Configuration

Name             Origin             Length             Attributes
rom              0x00080000         0x00080000         xr
sram0            0x20000000         0x00010000         xrw
sram1            0x20080000         0x00008000         xrw
ram              0x20070000         0x00018000         xrw
*default*        0x00000000         0xffffffff

Linker script and memory map

LOAD c:/program files (x86)/atmel/studio/7.0/toolchain/arm/arm-gnu-toolchain/bin/../lib/gcc/arm-none-eabi/6.3.1/thumb/v7-m/crti.o
LOAD c:/program files (x86)/atmel/studio/7.0/toolchain/arm/arm-gnu-toolchain/bin/../lib/gcc/arm-none-eabi/6.3.1/thumb/v7-m/crtbegin.o
LOAD c:/program files (x86)/atmel/studio/7.0/toolchain/arm/arm-gnu-toolchain/bin/../lib/gcc/arm-none-eabi/6.3.1/../../../../arm-none-eabi/lib/thumb/v7-m/crt0.o
LOAD src/ASF/common/services/sleepmgr/sam/sleepmgr.o
LOAD src/ASF/common/services/usb/class/cdc/device/udi_cdc.o
LOAD src/ASF/common/services/usb/class/cdc/device/udi_cdc_desc.o
LOAD src/ASF/common/services/usb/udc/udc.o
LOAD src/ASF/common/utils/stdio/read.o
LOAD src/ASF/sam/drivers/uotghs/uotghs_device.o
LOAD src/ASF/sam/drivers/usart/usart.o
LOAD src/ASF/common/utils/stdio/write.o
LOAD src/ASF/common/services/serial/usart_serial.o
LOAD src/ASF/sam/drivers/pdc/pdc.o
LOAD src/ASF/sam/drivers/tc/tc.o
LOAD src/ASF/sam/drivers/uart/uart.o
LOAD src/ASF/sam/drivers/spi/spi.o
LOAD src/ASF/common/services/delay/sam/cycle_counter.o
LOAD src/ASF/common/services/clock/sam3x/sysclk.o
LOAD src/ASF/common/utils/interrupt/interrupt_sam_nvic.o
LOAD src/ASF/sam/boards/arduino_due_x/init.o
LOAD src/ASF/sam/drivers/pio/pio.o
LOAD src/ASF/sam/drivers/pio/pio_handler.o
LOAD src/ASF/sam/drivers/pmc/pmc.o
LOAD src/ASF/sam/drivers/pmc/sleep.o
LOAD src/ASF/sam/utils/cmsis/sam3x/source/templates/exceptions.o
LOAD src/ASF/sam/utils/cmsis/sam3x/source/templates/gcc/startup_sam3x.o
LOAD src/ASF/sam/utils/cmsis/sam3x/source/templates/system_sam3x.o
LOAD src/ASF/sam/utils/syscalls/gcc/syscalls.o
LOAD src/main.o
START GROUP
LOAD ../src/ASF/thirdparty/CMSIS/Lib/GCC\libarm_cortexM3l_math.a
LOAD c:/program files (x86)/atmel/studio/7.0/toolchain/arm/arm-gnu-toolchain/bin/../lib/gcc/arm-none-eabi/6.3.1/../../../../arm-none-eabi/lib/thumb/v7-m\libm.a
END GROUP
START GROUP
LOAD c:/program files (x86)/atmel/studio/7.0/toolchain/arm/arm-gnu-toolchain/bin/../lib/gcc/arm-none-eabi/6.3.1/thumb/v7-m\libgcc.a
LOAD c:/program files (x86)/atmel/studio/7.0/toolchain/arm/arm-gnu-toolchain/bin/../lib/gcc/arm-none-eabi/6.3.1/../../../../arm-none-eabi/lib/thumb/v7-m\libc.a
END GROUP
LOAD c:/program files (x86)/atmel/studio/7.0/toolchain/arm/arm-gnu-toolchain/bin/../lib/gcc/arm-none-eabi/6.3.1/thumb/v7-m/crtend.o
LOAD c:/program files (x86)/atmel/studio/7.0/toolchain/arm/arm-gnu-toolchain/bin/../lib/gcc/arm-none-eabi/6.3.1/thumb/v7-m/crtn.o
                0x00002000                __stack_size__ = DEFINED (__stack_size__)?__stack_size__:0x2000
                0x20087ffc                __ram_end__ = ((ORIGIN (ram) + LENGTH (ram)) - 0x4)

.text           0x00080000     0x7634
                0x00080000                . = ALIGN (0x4)
                0x00080000                _sfixed = .
 *(.vectors .vectors.*)
 .vectors       0x00080000       0xf4 src/ASF/sam/utils/cmsis/sam3x/source/templates/gcc/startup_sam3x.o
                0x00080000                exception_table
 *(.text .text.* .gnu.linkonce.t.*)
 .text          0x000800f4       0x6c c:/program files (x86)/atmel/studio/7.0/toolchain/arm/arm-gnu-toolchain/bin/../lib/gcc/arm-none-eabi/6.3.1/thumb/v7-m/crtbegin.o
 .text.udi_cdc_comm_enable
                0x00080160       0x4c src/ASF/common/services/usb/class/cdc/device/udi_cdc.o
                0x00080160                udi_cdc_comm_enable
 .text.udi_cdc_comm_disable
                0x000801ac       0x10 src/ASF/common/services/usb/class/cdc/device/udi_cdc.o
                0x000801ac                udi_cdc_comm_disable
 .text.udi_cdc_data_disable
                0x000801bc       0x1c src/ASF/common/services/usb/class/cdc/device/udi_cdc.o
                0x000801bc                udi_cdc_data_disable
 .text.udi_cdc_data_setup
                0x000801d8        0x4 src/ASF/common/services/usb/class/cdc/device/udi_cdc.o
                0x000801d8                udi_cdc_data_setup
 .text.udi_cdc_getsetting
                0x000801dc        0x4 src/ASF/common/services/usb/class/cdc/device/udi_cdc.o
                0x000801dc                udi_cdc_getsetting
 .text.udi_cdc_comm_setup
                0x000801e0       0x84 src/ASF/common/services/usb/class/cdc/device/udi_cdc.o
                0x000801e0                udi_cdc_comm_setup
 .text.udi_cdc_line_coding_received
                0x00080264        0x2 src/ASF/common/services/usb/class/cdc/device/udi_cdc.o
 *fill*         0x00080266        0x2 
 .text.udi_cdc_tx_send
                0x00080268      0x148 src/ASF/common/services/usb/class/cdc/device/udi_cdc.o
 .text.udi_cdc_data_sent
                0x000803b0       0x38 src/ASF/common/services/usb/class/cdc/device/udi_cdc.o
 .text.udi_cdc_data_sof_notify
                0x000803e8       0x10 src/ASF/common/services/usb/class/cdc/device/udi_cdc.o
                0x000803e8                udi_cdc_data_sof_notify
 .text.udi_cdc_multi_get_nb_received_data
                0x000803f8       0x54 src/ASF/common/services/usb/class/cdc/device/udi_cdc.o
                0x000803f8                udi_cdc_multi_get_nb_received_data
 .text.udi_cdc_multi_is_rx_ready
                0x0008044c       0x14 src/ASF/common/services/usb/class/cdc/device/udi_cdc.o
                0x0008044c                udi_cdc_multi_is_rx_ready
 .text.udi_cdc_rx_start
                0x00080460       0xb8 src/ASF/common/services/usb/class/cdc/device/udi_cdc.o
 .text.udi_cdc_data_enable
                0x00080518       0x94 src/ASF/common/services/usb/class/cdc/device/udi_cdc.o
                0x00080518                udi_cdc_data_enable
 .text.udi_cdc_data_received
                0x000805ac       0x5c src/ASF/common/services/usb/class/cdc/device/udi_cdc.o
 .text.udi_cdc_multi_get_free_tx_buffer
                0x00080608       0x7c src/ASF/common/services/usb/class/cdc/device/udi_cdc.o
                0x00080608                udi_cdc_multi_get_free_tx_buffer
 .text.udi_cdc_multi_is_tx_ready
                0x00080684       0x14 src/ASF/common/services/usb/class/cdc/device/udi_cdc.o
                0x00080684                udi_cdc_multi_is_tx_ready
 .text.udi_cdc_multi_write_buf
                0x00080698       0xb4 src/ASF/common/services/usb/class/cdc/device/udi_cdc.o
                0x00080698                udi_cdc_multi_write_buf
 .text.udi_cdc_write_buf
                0x0008074c       0x14 src/ASF/common/services/usb/class/cdc/device/udi_cdc.o
                0x0008074c                udi_cdc_write_buf
 .text.udc_next_desc_in_iface
                0x00080760       0x48 src/ASF/common/services/usb/udc/udc.o
 .text.udc_valid_address
                0x000807a8       0x18 src/ASF/common/services/usb/udc/udc.o
 .text.udc_update_iface_desc
                0x000807c0       0x74 src/ASF/common/services/usb/udc/udc.o
 .text.udc_iface_disable
                0x00080834       0x6c src/ASF/common/services/usb/udc/udc.o
 .text.udc_iface_enable
                0x000808a0       0x5c src/ASF/common/services/usb/udc/udc.o
 .text.udc_start
                0x000808fc        0xc src/ASF/common/services/usb/udc/udc.o
                0x000808fc                udc_start
 .text.udc_reset
                0x00080908       0x48 src/ASF/common/services/usb/udc/udc.o
                0x00080908                udc_reset
 .text.udc_sof_notify
                0x00080950       0x40 src/ASF/common/services/usb/udc/udc.o
                0x00080950                udc_sof_notify
 .text.udc_process_setup
                0x00080990      0x410 src/ASF/common/services/usb/udc/udc.o
                0x00080990                udc_process_setup
 .text.udd_ctrl_init
                0x00080da0       0x5c src/ASF/sam/drivers/uotghs/uotghs_device.o
 .text.udd_ctrl_stall_data
                0x00080dfc       0x18 src/ASF/sam/drivers/uotghs/uotghs_device.o
 .text.udd_ctrl_send_zlp_in
                0x00080e14       0x54 src/ASF/sam/drivers/uotghs/uotghs_device.o
 .text.udd_ctrl_endofrequest
                0x00080e68       0x10 src/ASF/sam/drivers/uotghs/uotghs_device.o
 .text.udd_ctrl_in_sent
                0x00080e78      0x17c src/ASF/sam/drivers/uotghs/uotghs_device.o
 .text.udd_ep_finish_job
                0x00080ff4       0x38 src/ASF/sam/drivers/uotghs/uotghs_device.o
 .text.udd_ep_trans_done
                0x0008102c      0x1a8 src/ASF/sam/drivers/uotghs/uotghs_device.o
 .text.udd_sleep_mode
                0x000811d4       0xa4 src/ASF/sam/drivers/uotghs/uotghs_device.o
 .text.udd_enable
                0x00081278      0x198 src/ASF/sam/drivers/uotghs/uotghs_device.o
                0x00081278                udd_enable
 .text.udd_attach
                0x00081410       0x8c src/ASF/sam/drivers/uotghs/uotghs_device.o
                0x00081410                udd_attach
 .text.udd_detach
                0x0008149c       0x34 src/ASF/sam/drivers/uotghs/uotghs_device.o
                0x0008149c                udd_detach
 .text.UOTGHS_Handler
                0x000814d0      0x618 src/ASF/sam/drivers/uotghs/uotghs_device.o
                0x000814d0                UOTGHS_Handler
 .text.udd_is_high_speed
                0x00081ae8        0x4 src/ASF/sam/drivers/uotghs/uotghs_device.o
                0x00081ae8                udd_is_high_speed
 .text.udd_set_address
                0x00081aec       0x28 src/ASF/sam/drivers/uotghs/uotghs_device.o
                0x00081aec                udd_set_address
 .text.udd_getaddress
                0x00081b14       0x10 src/ASF/sam/drivers/uotghs/uotghs_device.o
                0x00081b14                udd_getaddress
 .text.udd_get_frame_number
                0x00081b24       0x10 src/ASF/sam/drivers/uotghs/uotghs_device.o
                0x00081b24                udd_get_frame_number
 .text.udd_get_micro_frame_number
                0x00081b34       0x10 src/ASF/sam/drivers/uotghs/uotghs_device.o
                0x00081b34                udd_get_micro_frame_number
 .text.udd_set_setup_payload
                0x00081b44        0xc src/ASF/sam/drivers/uotghs/uotghs_device.o
                0x00081b44                udd_set_setup_payload
 .text.udd_ep_free
                0x00081b50       0x5c src/ASF/sam/drivers/uotghs/uotghs_device.o
                0x00081b50                udd_ep_free
 .text.udd_ep_is_halted
                0x00081bac       0x14 src/ASF/sam/drivers/uotghs/uotghs_device.o
                0x00081bac                udd_ep_is_halted
 .text.udd_ep_set_halt
                0x00081bc0      0x100 src/ASF/sam/drivers/uotghs/uotghs_device.o
                0x00081bc0                udd_ep_set_halt
 .text.udd_ep_clear_halt
                0x00081cc0       0xdc src/ASF/sam/drivers/uotghs/uotghs_device.o
                0x00081cc0                udd_ep_clear_halt
 .text.udd_ep_run
                0x00081d9c       0xfc src/ASF/sam/drivers/uotghs/uotghs_device.o
                0x00081d9c                udd_ep_run
 .text.udd_ep_alloc
                0x00081e98      0x1f8 src/ASF/sam/drivers/uotghs/uotghs_device.o
                0x00081e98                udd_ep_alloc
 .text.udd_ep_abort
                0x00082090       0x80 src/ASF/sam/drivers/uotghs/uotghs_device.o
                0x00082090                udd_ep_abort
 .text.spi_enable_clock
                0x00082110       0x1c src/ASF/sam/drivers/spi/spi.o
                0x00082110                spi_enable_clock
 .text.spi_set_peripheral_chip_select_value
                0x0008212c       0x16 src/ASF/sam/drivers/spi/spi.o
                0x0008212c                spi_set_peripheral_chip_select_value
 .text.spi_read
                0x00082142       0x2e src/ASF/sam/drivers/spi/spi.o
                0x00082142                spi_read
 .text.spi_write
                0x00082170       0x34 src/ASF/sam/drivers/spi/spi.o
                0x00082170                spi_write
 .text.spi_set_clock_polarity
                0x000821a4       0x1e src/ASF/sam/drivers/spi/spi.o
                0x000821a4                spi_set_clock_polarity
 .text.spi_set_clock_phase
                0x000821c2       0x1e src/ASF/sam/drivers/spi/spi.o
                0x000821c2                spi_set_clock_phase
 .text.spi_set_bits_per_transfer
                0x000821e0       0x14 src/ASF/sam/drivers/spi/spi.o
                0x000821e0                spi_set_bits_per_transfer
 .text.spi_set_baudrate_div
                0x000821f4       0x26 src/ASF/sam/drivers/spi/spi.o
                0x000821f4                spi_set_baudrate_div
 .text.spi_set_transfer_delay
                0x0008221a       0x1c src/ASF/sam/drivers/spi/spi.o
                0x0008221a                spi_set_transfer_delay
 *fill*         0x00082236        0x2 
 .text.sysclk_enable_usb
                0x00082238       0x20 src/ASF/common/services/clock/sam3x/sysclk.o
                0x00082238                sysclk_enable_usb
 .text.pio_set_peripheral
                0x00082258       0x3e src/ASF/sam/drivers/pio/pio.o
                0x00082258                pio_set_peripheral
 .text.pio_set_input
                0x00082296       0x32 src/ASF/sam/drivers/pio/pio.o
                0x00082296                pio_set_input
 .text.pio_set_output
                0x000822c8       0x26 src/ASF/sam/drivers/pio/pio.o
                0x000822c8                pio_set_output
 .text.pio_configure_interrupt
                0x000822ee       0x2e src/ASF/sam/drivers/pio/pio.o
                0x000822ee                pio_configure_interrupt
 .text.pio_enable_interrupt
                0x0008231c        0x4 src/ASF/sam/drivers/pio/pio.o
                0x0008231c                pio_enable_interrupt
 .text.pio_get_interrupt_status
                0x00082320        0x4 src/ASF/sam/drivers/pio/pio.o
                0x00082320                pio_get_interrupt_status
 .text.pio_get_interrupt_mask
                0x00082324        0x4 src/ASF/sam/drivers/pio/pio.o
                0x00082324                pio_get_interrupt_mask
 .text.pio_configure_pin
                0x00082328       0xd0 src/ASF/sam/drivers/pio/pio.o
                0x00082328                pio_configure_pin
 .text.pio_handler_process
                0x000823f8       0x50 src/ASF/sam/drivers/pio/pio_handler.o
                0x000823f8                pio_handler_process
 .text.pio_handler_set
                0x00082448       0x70 src/ASF/sam/drivers/pio/pio_handler.o
                0x00082448                pio_handler_set
 .text.PIOA_Handler
                0x000824b8       0x14 src/ASF/sam/drivers/pio/pio_handler.o
                0x000824b8                PIOA_Handler
 .text.PIOB_Handler
                0x000824cc       0x14 src/ASF/sam/drivers/pio/pio_handler.o
                0x000824cc                PIOB_Handler
 .text.PIOC_Handler
                0x000824e0       0x14 src/ASF/sam/drivers/pio/pio_handler.o
                0x000824e0                PIOC_Handler
 .text.PIOD_Handler
                0x000824f4       0x14 src/ASF/sam/drivers/pio/pio_handler.o
                0x000824f4                PIOD_Handler
 .text.pmc_enable_upll_clock
                0x00082508       0x18 src/ASF/sam/drivers/pmc/pmc.o
                0x00082508                pmc_enable_upll_clock
 .text.pmc_enable_periph_clk
                0x00082520       0x20 src/ASF/sam/drivers/pmc/pmc.o
                0x00082520                pmc_enable_periph_clk
 .text.pmc_switch_udpck_to_upllck
                0x00082540       0x14 src/ASF/sam/drivers/pmc/pmc.o
                0x00082540                pmc_switch_udpck_to_upllck
 .text.pmc_enable_udpck
                0x00082554        0xc src/ASF/sam/drivers/pmc/pmc.o
                0x00082554                pmc_enable_udpck
 .text.pmc_set_fast_startup_input
                0x00082560       0x14 src/ASF/sam/drivers/pmc/pmc.o
                0x00082560                pmc_set_fast_startup_input
 .text.pmc_is_wakeup_clocks_restored
                0x00082574       0x10 src/ASF/sam/drivers/pmc/sleep.o
                0x00082574                pmc_is_wakeup_clocks_restored
 .text.Dummy_Handler
                0x00082584        0x2 src/ASF/sam/utils/cmsis/sam3x/source/templates/exceptions.o
                0x00082584                DACC_Handler
                0x00082584                DebugMon_Handler
                0x00082584                DMAC_Handler
                0x00082584                TRNG_Handler
                0x00082584                HardFault_Handler
                0x00082584                TC2_Handler
                0x00082584                SysTick_Handler
                0x00082584                USART3_Handler
                0x00082584                TWI1_Handler
                0x00082584                PendSV_Handler
                0x00082584                NMI_Handler
                0x00082584                TC7_Handler
                0x00082584                ADC_Handler
                0x00082584                SMC_Handler
                0x00082584                USART0_Handler
                0x00082584                RTT_Handler
                0x00082584                EFC1_Handler
                0x00082584                RTC_Handler
                0x00082584                UsageFault_Handler
                0x00082584                TC6_Handler
                0x00082584                WDT_Handler
                0x00082584                CAN0_Handler
                0x00082584                TC4_Handler
                0x00082584                TC1_Handler
                0x00082584                HSMCI_Handler
                0x00082584                TC3_Handler
                0x00082584                Dummy_Handler
                0x00082584                TWI0_Handler
                0x00082584                USART1_Handler
                0x00082584                SSC_Handler
                0x00082584                EFC0_Handler
                0x00082584                PMC_Handler
                0x00082584                PWM_Handler
                0x00082584                CAN1_Handler
                0x00082584                MemManage_Handler
                0x00082584                SUPC_Handler
                0x00082584                SVC_Handler
                0x00082584                TC8_Handler
                0x00082584                USART2_Handler
                0x00082584                EMAC_Handler
                0x00082584                UART_Handler
                0x00082584                BusFault_Handler
                0x00082584                RSTC_Handler
                0x00082584                TC0_Handler
                0x00082584                TC5_Handler
                0x00082584                SPI0_Handler
 *fill*         0x00082586        0x2 
 .text.Reset_Handler
                0x00082588       0x98 src/ASF/sam/utils/cmsis/sam3x/source/templates/gcc/startup_sam3x.o
                0x00082588                Reset_Handler
 .text._sbrk    0x00082620       0x38 src/ASF/sam/utils/syscalls/gcc/syscalls.o
                0x00082620                _sbrk
 .text.spi_init
                0x00082658       0xb0 src/main.o
                0x00082658                spi_init
 .text.spi_sendrecv
                0x00082708       0x3c src/main.o
                0x00082708                spi_sendrecv
 .text.ADS_updateChannelData
                0x00082744       0xac src/main.o
                0x00082744                ADS_updateChannelData
 .text.ADS_SEND_COMMAND
                0x000827f0       0x24 src/main.o
                0x000827f0                ADS_SEND_COMMAND
 .text.ADS_RREG
                0x00082814       0x34 src/main.o
                0x00082814                ADS_RREG
 .text.ADS_WREG
                0x00082848       0x28 src/main.o
                0x00082848                ADS_WREG
 .text.READ_ID  0x00082870       0x38 src/main.o
                0x00082870                READ_ID
 .text.ADS1298_Init
                0x000828a8      0x10c src/main.o
                0x000828a8                ADS1298_Init
 .text.main     0x000829b4       0xd8 src/main.o
                0x000829b4                main
 .text.__libc_init_array
                0x00082a8c       0x50 c:/program files (x86)/atmel/studio/7.0/toolchain/arm/arm-gnu-toolchain/bin/../lib/gcc/arm-none-eabi/6.3.1/../../../../arm-none-eabi/lib/thumb/v7-m\libc.a(lib_a-init.o)
                0x00082a8c                __libc_init_array
 .text          0x00082adc       0xec c:/program files (x86)/atmel/studio/7.0/toolchain/arm/arm-gnu-toolchain/bin/../lib/gcc/arm-none-eabi/6.3.1/../../../../arm-none-eabi/lib/thumb/v7-m\libc.a(lib_a-memcpy.o)
                0x00082adc                memcpy
 .text.memset   0x00082bc8       0x9c c:/program files (x86)/atmel/studio/7.0/toolchain/arm/arm-gnu-toolchain/bin/../lib/gcc/arm-none-eabi/6.3.1/../../../../arm-none-eabi/lib/thumb/v7-m\libc.a(lib_a-memset.o)
                0x00082bc8                memset
 .text.sprintf  0x00082c64       0x4c c:/program files (x86)/atmel/studio/7.0/toolchain/arm/arm-gnu-toolchain/bin/../lib/gcc/arm-none-eabi/6.3.1/../../../../arm-none-eabi/lib/thumb/v7-m\libc.a(lib_a-sprintf.o)
                0x00082c64                sprintf
 .text.strlen   0x00082cb0       0x5c c:/program files (x86)/atmel/studio/7.0/toolchain/arm/arm-gnu-toolchain/bin/../lib/gcc/arm-none-eabi/6.3.1/../../../../arm-none-eabi/lib/thumb/v7-m\libc.a(lib_a-strlen-stub.o)
                0x00082cb0                strlen
 .text._svfprintf_r
                0x00082d0c     0x1500 c:/program files (x86)/atmel/studio/7.0/toolchain/arm/arm-gnu-toolchain/bin/../lib/gcc/arm-none-eabi/6.3.1/../../../../arm-none-eabi/lib/thumb/v7-m\libc.a(lib_a-svfprintf.o)
                0x00082d0c                _svfprintf_r
 .text.startup.register_fini
                0x0008420c       0x14 c:/program files (x86)/atmel/studio/7.0/toolchain/arm/arm-gnu-toolchain/bin/../lib/gcc/arm-none-eabi/6.3.1/../../../../arm-none-eabi/lib/thumb/v7-m\libc.a(lib_a-__call_atexit.o)
 .text.atexit   0x00084220        0xc c:/program files (x86)/atmel/studio/7.0/toolchain/arm/arm-gnu-toolchain/bin/../lib/gcc/arm-none-eabi/6.3.1/../../../../arm-none-eabi/lib/thumb/v7-m\libc.a(lib_a-atexit.o)
                0x00084220                atexit
 .text.quorem   0x0008422c      0x128 c:/program files (x86)/atmel/studio/7.0/toolchain/arm/arm-gnu-toolchain/bin/../lib/gcc/arm-none-eabi/6.3.1/../../../../arm-none-eabi/lib/thumb/v7-m\libc.a(lib_a-dtoa.o)
 *fill*         0x00084354        0x4 
 .text._dtoa_r  0x00084358      0xe44 c:/program files (x86)/atmel/studio/7.0/toolchain/arm/arm-gnu-toolchain/bin/../lib/gcc/arm-none-eabi/6.3.1/../../../../arm-none-eabi/lib/thumb/v7-m\libc.a(lib_a-dtoa.o)
                0x00084358                _dtoa_r
 .text.__libc_fini_array
                0x0008519c       0x34 c:/program files (x86)/atmel/studio/7.0/toolchain/arm/arm-gnu-toolchain/bin/../lib/gcc/arm-none-eabi/6.3.1/../../../../arm-none-eabi/lib/thumb/v7-m\libc.a(lib_a-fini.o)
                0x0008519c                __libc_fini_array
 .text._localeconv_r
                0x000851d0       0x1c c:/program files (x86)/atmel/studio/7.0/toolchain/arm/arm-gnu-toolchain/bin/../lib/gcc/arm-none-eabi/6.3.1/../../../../arm-none-eabi/lib/thumb/v7-m\libc.a(lib_a-localeconv.o)
                0x000851d0                _localeconv_r
 .text.__retarget_lock_acquire_recursive
                0x000851ec        0x4 c:/program files (x86)/atmel/studio/7.0/toolchain/arm/arm-gnu-toolchain/bin/../lib/gcc/arm-none-eabi/6.3.1/../../../../arm-none-eabi/lib/thumb/v7-m\libc.a(lib_a-lock.o)
                0x000851ec                __retarget_lock_acquire_recursive
 .text.__retarget_lock_release_recursive
                0x000851f0        0x4 c:/program files (x86)/atmel/studio/7.0/toolchain/arm/arm-gnu-toolchain/bin/../lib/gcc/arm-none-eabi/6.3.1/../../../../arm-none-eabi/lib/thumb/v7-m\libc.a(lib_a-lock.o)
                0x000851f0                __retarget_lock_release_recursive
 .text._malloc_r
                0x000851f4      0x544 c:/program files (x86)/atmel/studio/7.0/toolchain/arm/arm-gnu-toolchain/bin/../lib/gcc/arm-none-eabi/6.3.1/../../../../arm-none-eabi/lib/thumb/v7-m\libc.a(lib_a-mallocr.o)
                0x000851f4                _malloc_r
 .text.memchr   0x00085738       0x8c c:/program files (x86)/atmel/studio/7.0/toolchain/arm/arm-gnu-toolchain/bin/../lib/gcc/arm-none-eabi/6.3.1/../../../../arm-none-eabi/lib/thumb/v7-m\libc.a(lib_a-memchr-stub.o)
                0x00085738                memchr
 .text.__malloc_lock
                0x000857c4        0xc c:/program files (x86)/atmel/studio/7.0/toolchain/arm/arm-gnu-toolchain/bin/../lib/gcc/arm-none-eabi/6.3.1/../../../../arm-none-eabi/lib/thumb/v7-m\libc.a(lib_a-mlock.o)
                0x000857c4                __malloc_lock
 .text.__malloc_unlock
                0x000857d0        0xc c:/program files (x86)/atmel/studio/7.0/toolchain/arm/arm-gnu-toolchain/bin/../lib/gcc/arm-none-eabi/6.3.1/../../../../arm-none-eabi/lib/thumb/v7-m\libc.a(lib_a-mlock.o)
                0x000857d0                __malloc_unlock
 .text._Balloc  0x000857dc       0x4c c:/program files (x86)/atmel/studio/7.0/toolchain/arm/arm-gnu-toolchain/bin/../lib/gcc/arm-none-eabi/6.3.1/../../../../arm-none-eabi/lib/thumb/v7-m\libc.a(lib_a-mprec.o)
                0x000857dc                _Balloc
 .text._Bfree   0x00085828       0x14 c:/program files (x86)/atmel/studio/7.0/toolchain/arm/arm-gnu-toolchain/bin/../lib/gcc/arm-none-eabi/6.3.1/../../../../arm-none-eabi/lib/thumb/v7-m\libc.a(lib_a-mprec.o)
                0x00085828                _Bfree
 .text.__multadd
                0x0008583c       0x84 c:/program files (x86)/atmel/studio/7.0/toolchain/arm/arm-gnu-toolchain/bin/../lib/gcc/arm-none-eabi/6.3.1/../../../../arm-none-eabi/lib/thumb/v7-m\libc.a(lib_a-mprec.o)
                0x0008583c                __multadd
 .text.__hi0bits
                0x000858c0       0x40 c:/program files (x86)/atmel/studio/7.0/toolchain/arm/arm-gnu-toolchain/bin/../lib/gcc/arm-none-eabi/6.3.1/../../../../arm-none-eabi/lib/thumb/v7-m\libc.a(lib_a-mprec.o)
                0x000858c0                __hi0bits
 .text.__lo0bits
                0x00085900       0x60 c:/program files (x86)/atmel/studio/7.0/toolchain/arm/arm-gnu-toolchain/bin/../lib/gcc/arm-none-eabi/6.3.1/../../../../arm-none-eabi/lib/thumb/v7-m\libc.a(lib_a-mprec.o)
                0x00085900                __lo0bits
 .text.__i2b    0x00085960       0x14 c:/program files (x86)/atmel/studio/7.0/toolchain/arm/arm-gnu-toolchain/bin/../lib/gcc/arm-none-eabi/6.3.1/../../../../arm-none-eabi/lib/thumb/v7-m\libc.a(lib_a-mprec.o)
                0x00085960                __i2b
 .text.__multiply
                0x00085974      0x124 c:/program files (x86)/atmel/studio/7.0/toolchain/arm/arm-gnu-toolchain/bin/../lib/gcc/arm-none-eabi/6.3.1/../../../../arm-none-eabi/lib/thumb/v7-m\libc.a(lib_a-mprec.o)
                0x00085974                __multiply
 .text.__pow5mult
                0x00085a98       0xa0 c:/program files (x86)/atmel/studio/7.0/toolchain/arm/arm-gnu-toolchain/bin/../lib/gcc/arm-none-eabi/6.3.1/../../../../arm-none-eabi/lib/thumb/v7-m\libc.a(lib_a-mprec.o)
                0x00085a98                __pow5mult
 .text.__lshift
                0x00085b38       0xa0 c:/program files (x86)/atmel/studio/7.0/toolchain/arm/arm-gnu-toolchain/bin/../lib/gcc/arm-none-eabi/6.3.1/../../../../arm-none-eabi/lib/thumb/v7-m\libc.a(lib_a-mprec.o)
                0x00085b38                __lshift
 .text.__mcmp   0x00085bd8       0x38 c:/program files (x86)/atmel/studio/7.0/toolchain/arm/arm-gnu-toolchain/bin/../lib/gcc/arm-none-eabi/6.3.1/../../../../arm-none-eabi/lib/thumb/v7-m\libc.a(lib_a-mprec.o)
                0x00085bd8                __mcmp
 .text.__mdiff  0x00085c10      0x11c c:/program files (x86)/atmel/studio/7.0/toolchain/arm/arm-gnu-toolchain/bin/../lib/gcc/arm-none-eabi/6.3.1/../../../../arm-none-eabi/lib/thumb/v7-m\libc.a(lib_a-mprec.o)
                0x00085c10                __mdiff
 .text.__d2b    0x00085d2c       0xa8 c:/program files (x86)/atmel/studio/7.0/toolchain/arm/arm-gnu-toolchain/bin/../lib/gcc/arm-none-eabi/6.3.1/../../../../arm-none-eabi/lib/thumb/v7-m\libc.a(lib_a-mprec.o)
                0x00085d2c                __d2b
 .text._sbrk_r  0x00085dd4       0x24 c:/program files (x86)/atmel/studio/7.0/toolchain/arm/arm-gnu-toolchain/bin/../lib/gcc/arm-none-eabi/6.3.1/../../../../arm-none-eabi/lib/thumb/v7-m\libc.a(lib_a-sbrkr.o)
                0x00085dd4                _sbrk_r
 .text.__ssprint_r
                0x00085df8       0xfc c:/program files (x86)/atmel/studio/7.0/toolchain/arm/arm-gnu-toolchain/bin/../lib/gcc/arm-none-eabi/6.3.1/../../../../arm-none-eabi/lib/thumb/v7-m\libc.a(lib_a-svfiprintf.o)
                0x00085df8                __ssprint_r
 .text.__register_exitproc
                0x00085ef4       0xc4 c:/program files (x86)/atmel/studio/7.0/toolchain/arm/arm-gnu-toolchain/bin/../lib/gcc/arm-none-eabi/6.3.1/../../../../arm-none-eabi/lib/thumb/v7-m\libc.a(lib_a-__atexit.o)
                0x00085ef4                __register_exitproc
 .text._calloc_r
                0x00085fb8       0x60 c:/program files (x86)/atmel/studio/7.0/toolchain/arm/arm-gnu-toolchain/bin/../lib/gcc/arm-none-eabi/6.3.1/../../../../arm-none-eabi/lib/thumb/v7-m\libc.a(lib_a-callocr.o)
                0x00085fb8                _calloc_r
 .text._malloc_trim_r
                0x00086018       0xa0 c:/program files (x86)/atmel/studio/7.0/toolchain/arm/arm-gnu-toolchain/bin/../lib/gcc/arm-none-eabi/6.3.1/../../../../arm-none-eabi/lib/thumb/v7-m\libc.a(lib_a-freer.o)
                0x00086018                _malloc_trim_r
 .text._free_r  0x000860b8      0x1cc c:/program files (x86)/atmel/studio/7.0/toolchain/arm/arm-gnu-toolchain/bin/../lib/gcc/arm-none-eabi/6.3.1/../../../../arm-none-eabi/lib/thumb/v7-m\libc.a(lib_a-freer.o)
                0x000860b8                _free_r
 .text.__ascii_mbtowc
                0x00086284       0x2c c:/program files (x86)/atmel/studio/7.0/toolchain/arm/arm-gnu-toolchain/bin/../lib/gcc/arm-none-eabi/6.3.1/../../../../arm-none-eabi/lib/thumb/v7-m\libc.a(lib_a-mbtowc_r.o)
                0x00086284                __ascii_mbtowc
 .text.memmove  0x000862b0       0xc8 c:/program files (x86)/atmel/studio/7.0/toolchain/arm/arm-gnu-toolchain/bin/../lib/gcc/arm-none-eabi/6.3.1/../../../../arm-none-eabi/lib/thumb/v7-m\libc.a(lib_a-memmove.o)
                0x000862b0                memmove
 .text._realloc_r
                0x00086378      0x36c c:/program files (x86)/atmel/studio/7.0/toolchain/arm/arm-gnu-toolchain/bin/../lib/gcc/arm-none-eabi/6.3.1/../../../../arm-none-eabi/lib/thumb/v7-m\libc.a(lib_a-reallocr.o)
                0x00086378                _realloc_r
 .text.__ascii_wctomb
                0x000866e4       0x18 c:/program files (x86)/atmel/studio/7.0/toolchain/arm/arm-gnu-toolchain/bin/../lib/gcc/arm-none-eabi/6.3.1/../../../../arm-none-eabi/lib/thumb/v7-m\libc.a(lib_a-wctomb_r.o)
                0x000866e4                __ascii_wctomb
 .text          0x000866fc      0x370 c:/program files (x86)/atmel/studio/7.0/toolchain/arm/arm-gnu-toolchain/bin/../lib/gcc/arm-none-eabi/6.3.1/thumb/v7-m\libgcc.a(_arm_addsubdf3.o)
                0x000866fc                __aeabi_drsub
                0x00086704                __aeabi_dsub
                0x00086704                __subdf3
                0x00086708                __aeabi_dadd
                0x00086708                __adddf3
                0x00086980                __floatunsidf
                0x00086980                __aeabi_ui2d
                0x000869a0                __floatsidf
                0x000869a0                __aeabi_i2d
                0x000869c4                __aeabi_f2d
                0x000869c4                __extendsfdf2
                0x00086a00                __floatundidf
                0x00086a00                __aeabi_ul2d
                0x00086a10                __floatdidf
                0x00086a10                __aeabi_l2d
 .text          0x00086a6c      0x424 c:/program files (x86)/atmel/studio/7.0/toolchain/arm/arm-gnu-toolchain/bin/../lib/gcc/arm-none-eabi/6.3.1/thumb/v7-m\libgcc.a(_arm_muldivdf3.o)
                0x00086a6c                __aeabi_dmul
                0x00086a6c                __muldf3
                0x00086cc0                __divdf3
                0x00086cc0                __aeabi_ddiv
 .text          0x00086e90      0x110 c:/program files (x86)/atmel/studio/7.0/toolchain/arm/arm-gnu-toolchain/bin/../lib/gcc/arm-none-eabi/6.3.1/thumb/v7-m\libgcc.a(_arm_cmpdf2.o)
                0x00086e90                __gtdf2
                0x00086e90                __gedf2
                0x00086e98                __ltdf2
                0x00086e98                __ledf2
                0x00086ea0                __nedf2
                0x00086ea0                __eqdf2
                0x00086ea0                __cmpdf2
                0x00086f1c                __aeabi_cdrcmple
                0x00086f2c                __aeabi_cdcmpeq
                0x00086f2c                __aeabi_cdcmple
                0x00086f3c                __aeabi_dcmpeq
                0x00086f50                __aeabi_dcmplt
                0x00086f64                __aeabi_dcmple
                0x00086f78                __aeabi_dcmpge
                0x00086f8c                __aeabi_dcmpgt
 .text          0x00086fa0       0x2c c:/program files (x86)/atmel/studio/7.0/toolchain/arm/arm-gnu-toolchain/bin/../lib/gcc/arm-none-eabi/6.3.1/thumb/v7-m\libgcc.a(_arm_unorddf2.o)
                0x00086fa0                __unorddf2
                0x00086fa0                __aeabi_dcmpun
 .text          0x00086fcc       0x50 c:/program files (x86)/atmel/studio/7.0/toolchain/arm/arm-gnu-toolchain/bin/../lib/gcc/arm-none-eabi/6.3.1/thumb/v7-m\libgcc.a(_arm_fixdfsi.o)
                0x00086fcc                __aeabi_d2iz
                0x00086fcc                __fixdfsi
 .text          0x0008701c       0x30 c:/program files (x86)/atmel/studio/7.0/toolchain/arm/arm-gnu-toolchain/bin/../lib/gcc/arm-none-eabi/6.3.1/thumb/v7-m\libgcc.a(_aeabi_uldivmod.o)
                0x0008701c                __aeabi_uldivmod
 .text          0x0008704c      0x2dc c:/program files (x86)/atmel/studio/7.0/toolchain/arm/arm-gnu-toolchain/bin/../lib/gcc/arm-none-eabi/6.3.1/thumb/v7-m\libgcc.a(_udivmoddi4.o)
                0x0008704c                __udivmoddi4
 .text          0x00087328        0x4 c:/program files (x86)/atmel/studio/7.0/toolchain/arm/arm-gnu-toolchain/bin/../lib/gcc/arm-none-eabi/6.3.1/thumb/v7-m\libgcc.a(_dvmd_tls.o)
                0x00087328                __aeabi_idiv0
                0x00087328                __aeabi_ldiv0
 *(.glue_7t)
 .glue_7t       0x0008732c        0x0 linker stubs
 *(.glue_7)
 .glue_7        0x0008732c        0x0 linker stubs
 *(.rodata .rodata* .gnu.linkonce.r.*)
 .rodata        0x0008732c       0x14 src/main.o
 .rodata.ADS_updateChannelData.str1.4
                0x00087340       0x2a src/main.o
 *fill*         0x0008736a        0x2 
 .rodata.main.str1.4
                0x0008736c       0x15 src/main.o
 *fill*         0x00087381        0x3 
 .rodata._global_impure_ptr
                0x00087384        0x4 c:/program files (x86)/atmel/studio/7.0/toolchain/arm/arm-gnu-toolchain/bin/../lib/gcc/arm-none-eabi/6.3.1/../../../../arm-none-eabi/lib/thumb/v7-m\libc.a(lib_a-impure.o)
                0x00087384                _global_impure_ptr
 .rodata._svfprintf_r.str1.4
                0x00087388       0x42 c:/program files (x86)/atmel/studio/7.0/toolchain/arm/arm-gnu-toolchain/bin/../lib/gcc/arm-none-eabi/6.3.1/../../../../arm-none-eabi/lib/thumb/v7-m\libc.a(lib_a-svfprintf.o)
 *fill*         0x000873ca        0x2 
 .rodata.blanks.7223
                0x000873cc       0x10 c:/program files (x86)/atmel/studio/7.0/toolchain/arm/arm-gnu-toolchain/bin/../lib/gcc/arm-none-eabi/6.3.1/../../../../arm-none-eabi/lib/thumb/v7-m\libc.a(lib_a-svfprintf.o)
 .rodata.zeroes.7224
                0x000873dc       0x10 c:/program files (x86)/atmel/studio/7.0/toolchain/arm/arm-gnu-toolchain/bin/../lib/gcc/arm-none-eabi/6.3.1/../../../../arm-none-eabi/lib/thumb/v7-m\libc.a(lib_a-svfprintf.o)
 .rodata._dtoa_r.str1.4
                0x000873ec       0x10 c:/program files (x86)/atmel/studio/7.0/toolchain/arm/arm-gnu-toolchain/bin/../lib/gcc/arm-none-eabi/6.3.1/../../../../arm-none-eabi/lib/thumb/v7-m\libc.a(lib_a-dtoa.o)
                                 0x12 (size before relaxing)
 *fill*         0x000873fc        0x4 
 .rodata.__mprec_bigtens
                0x00087400       0x28 c:/program files (x86)/atmel/studio/7.0/toolchain/arm/arm-gnu-toolchain/bin/../lib/gcc/arm-none-eabi/6.3.1/../../../../arm-none-eabi/lib/thumb/v7-m\libc.a(lib_a-mprec.o)
                0x00087400                __mprec_bigtens
 .rodata.__mprec_tens
                0x00087428       0xc8 c:/program files (x86)/atmel/studio/7.0/toolchain/arm/arm-gnu-toolchain/bin/../lib/gcc/arm-none-eabi/6.3.1/../../../../arm-none-eabi/lib/thumb/v7-m\libc.a(lib_a-mprec.o)
                0x00087428                __mprec_tens
 .rodata.p05.6055
                0x000874f0        0xc c:/program files (x86)/atmel/studio/7.0/toolchain/arm/arm-gnu-toolchain/bin/../lib/gcc/arm-none-eabi/6.3.1/../../../../arm-none-eabi/lib/thumb/v7-m\libc.a(lib_a-mprec.o)
 .rodata._setlocale_r.str1.4
                0x000874fc        0xa c:/program files (x86)/atmel/studio/7.0/toolchain/arm/arm-gnu-toolchain/bin/../lib/gcc/arm-none-eabi/6.3.1/../../../../arm-none-eabi/lib/thumb/v7-m\libc.a(lib_a-locale.o)
                                  0xd (size before relaxing)
 *fill*         0x00087506        0x2 
 .rodata.str1.4
                0x00087508        0x4 c:/program files (x86)/atmel/studio/7.0/toolchain/arm/arm-gnu-toolchain/bin/../lib/gcc/arm-none-eabi/6.3.1/../../../../arm-none-eabi/lib/thumb/v7-m\libc.a(lib_a-locale.o)
                                  0x2 (size before relaxing)
 .rodata._ctype_
                0x0008750c      0x101 c:/program files (x86)/atmel/studio/7.0/toolchain/arm/arm-gnu-toolchain/bin/../lib/gcc/arm-none-eabi/6.3.1/../../../../arm-none-eabi/lib/thumb/v7-m\libc.a(lib_a-ctype_.o)
                0x0008750c                _ctype_
 *(.ARM.extab* .gnu.linkonce.armextab.*)
                0x00087610                . = ALIGN (0x4)
 *fill*         0x0008760d        0x3 
 *(.init)
 .init          0x00087610        0x4 c:/program files (x86)/atmel/studio/7.0/toolchain/arm/arm-gnu-toolchain/bin/../lib/gcc/arm-none-eabi/6.3.1/thumb/v7-m/crti.o
                0x00087610                _init
 .init          0x00087614        0x8 c:/program files (x86)/atmel/studio/7.0/toolchain/arm/arm-gnu-toolchain/bin/../lib/gcc/arm-none-eabi/6.3.1/thumb/v7-m/crtn.o
                0x0008761c                . = ALIGN (0x4)
                0x0008761c                __preinit_array_start = .
 *(.preinit_array)
                0x0008761c                __preinit_array_end = .
                0x0008761c                . = ALIGN (0x4)
                0x0008761c                __init_array_start = .
 *(SORT(.init_array.*))
 .init_array.00000
                0x0008761c        0x4 c:/program files (x86)/atmel/studio/7.0/toolchain/arm/arm-gnu-toolchain/bin/../lib/gcc/arm-none-eabi/6.3.1/../../../../arm-none-eabi/lib/thumb/v7-m\libc.a(lib_a-__call_atexit.o)
 *(.init_array)
 .init_array    0x00087620        0x4 c:/program files (x86)/atmel/studio/7.0/toolchain/arm/arm-gnu-toolchain/bin/../lib/gcc/arm-none-eabi/6.3.1/thumb/v7-m/crtbegin.o
                0x00087624                __init_array_end = .
                0x00087624                . = ALIGN (0x4)
 *crtbegin.o(.ctors)
 *(EXCLUDE_FILE(*crtend.o) .ctors)
 *(SORT(.ctors.*))
 *crtend.o(.ctors)
                0x00087624                . = ALIGN (0x4)
 *(.fini)
 .fini          0x00087624        0x4 c:/program files (x86)/atmel/studio/7.0/toolchain/arm/arm-gnu-toolchain/bin/../lib/gcc/arm-none-eabi/6.3.1/thumb/v7-m/crti.o
                0x00087624                _fini
 .fini          0x00087628        0x8 c:/program files (x86)/atmel/studio/7.0/toolchain/arm/arm-gnu-toolchain/bin/../lib/gcc/arm-none-eabi/6.3.1/thumb/v7-m/crtn.o
                0x00087630                . = ALIGN (0x4)
                0x00087630                __fini_array_start = .
 *(.fini_array)
 .fini_array    0x00087630        0x4 c:/program files (x86)/atmel/studio/7.0/toolchain/arm/arm-gnu-toolchain/bin/../lib/gcc/arm-none-eabi/6.3.1/thumb/v7-m/crtbegin.o
 *(SORT(.fini_array.*))
                0x00087634                __fini_array_end = .
 *crtbegin.o(.dtors)
 *(EXCLUDE_FILE(*crtend.o) .dtors)
 *(SORT(.dtors.*))
 *crtend.o(.dtors)
                0x00087634                . = ALIGN (0x4)
                0x00087634                _efixed = .
                [!provide]                PROVIDE (__exidx_start, .)

.vfp11_veneer   0x00087634        0x0
 .vfp11_veneer  0x00087634        0x0 linker stubs

.v4_bx          0x00087634        0x0
 .v4_bx         0x00087634        0x0 linker stubs

.iplt           0x00087634        0x0
 .iplt          0x00087634        0x0 c:/program files (x86)/atmel/studio/7.0/toolchain/arm/arm-gnu-toolchain/bin/../lib/gcc/arm-none-eabi/6.3.1/thumb/v7-m/crtbegin.o

.ARM.exidx      0x00087634        0x8
 *(.ARM.exidx* .gnu.linkonce.armexidx.*)
 .ARM.exidx     0x00087634        0x8 c:/program files (x86)/atmel/studio/7.0/toolchain/arm/arm-gnu-toolchain/bin/../lib/gcc/arm-none-eabi/6.3.1/thumb/v7-m\libgcc.a(_udivmoddi4.o)
                [!provide]                PROVIDE (__exidx_end, .)

.eh_frame       0x0008763c        0x0
 .eh_frame      0x0008763c        0x0 c:/program files (x86)/atmel/studio/7.0/toolchain/arm/arm-gnu-toolchain/bin/../lib/gcc/arm-none-eabi/6.3.1/thumb/v7-m/crtbegin.o

.rel.dyn        0x0008763c        0x0
 .rel.iplt      0x0008763c        0x0 c:/program files (x86)/atmel/studio/7.0/toolchain/arm/arm-gnu-toolchain/bin/../lib/gcc/arm-none-eabi/6.3.1/thumb/v7-m/crtbegin.o

.jcr            0x0008763c        0x0
 .jcr           0x0008763c        0x0 c:/program files (x86)/atmel/studio/7.0/toolchain/arm/arm-gnu-toolchain/bin/../lib/gcc/arm-none-eabi/6.3.1/thumb/v7-m/crtbegin.o

.igot.plt       0x0008763c        0x0
 .igot.plt      0x0008763c        0x0 c:/program files (x86)/atmel/studio/7.0/toolchain/arm/arm-gnu-toolchain/bin/../lib/gcc/arm-none-eabi/6.3.1/thumb/v7-m/crtbegin.o
                0x0008763c                . = ALIGN (0x4)
                0x0008763c                _etext = .

.relocate       0x20070000      0xb90 load address 0x0008763c
                0x20070000                . = ALIGN (0x4)
                0x20070000                _srelocate = .
 *(.ramfunc .ramfunc.*)
 .ramfunc       0x20070000        0xa src/ASF/common/services/delay/sam/cycle_counter.o
                0x20070000                portable_delay_cycles
 *fill*         0x2007000a        0x2 
 .ramfunc       0x2007000c      0x12c src/ASF/sam/utils/cmsis/sam3x/source/templates/system_sam3x.o
                0x2007000c                SystemInit
                0x200700b0                system_init_flash
 *(.data .data.*)
 .data.udi_api_cdc_comm
                0x20070138       0x14 src/ASF/common/services/usb/class/cdc/device/udi_cdc.o
                0x20070138                udi_api_cdc_comm
 .data.udi_api_cdc_data
                0x2007014c       0x14 src/ASF/common/services/usb/class/cdc/device/udi_cdc.o
                0x2007014c                udi_api_cdc_data
 .data.udc_config
                0x20070160        0xc src/ASF/common/services/usb/class/cdc/device/udi_cdc_desc.o
                0x20070160                udc_config
 .data.udc_config_fs
                0x2007016c        0x8 src/ASF/common/services/usb/class/cdc/device/udi_cdc_desc.o
                0x2007016c                udc_config_fs
 .data.udc_desc_fs
                0x20070174       0x43 src/ASF/common/services/usb/class/cdc/device/udi_cdc_desc.o
                0x20070174                udc_desc_fs
 *fill*         0x200701b7        0x1 
 .data.udc_device_desc
                0x200701b8       0x12 src/ASF/common/services/usb/class/cdc/device/udi_cdc_desc.o
                0x200701b8                udc_device_desc
 *fill*         0x200701ca        0x2 
 .data.udi_apis
                0x200701cc        0x8 src/ASF/common/services/usb/class/cdc/device/udi_cdc_desc.o
                0x200701cc                udi_apis
 .data.udc_string_desc_languageid
                0x200701d4        0x4 src/ASF/common/services/usb/udc/udc.o
 .data.g_interrupt_enabled
                0x200701d8        0x1 src/ASF/common/utils/interrupt/interrupt_sam_nvic.o
                0x200701d8                g_interrupt_enabled
 *fill*         0x200701d9        0x3 
 .data.SystemCoreClock
                0x200701dc        0x4 src/ASF/sam/utils/cmsis/sam3x/source/templates/system_sam3x.o
                0x200701dc                SystemCoreClock
 .data._impure_ptr
                0x200701e0        0x4 c:/program files (x86)/atmel/studio/7.0/toolchain/arm/arm-gnu-toolchain/bin/../lib/gcc/arm-none-eabi/6.3.1/../../../../arm-none-eabi/lib/thumb/v7-m\libc.a(lib_a-impure.o)
                0x200701e0                _impure_ptr
 *fill*         0x200701e4        0x4 
 .data.impure_data
                0x200701e8      0x428 c:/program files (x86)/atmel/studio/7.0/toolchain/arm/arm-gnu-toolchain/bin/../lib/gcc/arm-none-eabi/6.3.1/../../../../arm-none-eabi/lib/thumb/v7-m\libc.a(lib_a-impure.o)
 .data.__atexit_recursive_mutex
                0x20070610        0x4 c:/program files (x86)/atmel/studio/7.0/toolchain/arm/arm-gnu-toolchain/bin/../lib/gcc/arm-none-eabi/6.3.1/../../../../arm-none-eabi/lib/thumb/v7-m\libc.a(lib_a-__call_atexit.o)
                0x20070610                __atexit_recursive_mutex
 .data.__malloc_av_
                0x20070614      0x408 c:/program files (x86)/atmel/studio/7.0/toolchain/arm/arm-gnu-toolchain/bin/../lib/gcc/arm-none-eabi/6.3.1/../../../../arm-none-eabi/lib/thumb/v7-m\libc.a(lib_a-mallocr.o)
                0x20070614                __malloc_av_
 .data.__malloc_sbrk_base
                0x20070a1c        0x4 c:/program files (x86)/atmel/studio/7.0/toolchain/arm/arm-gnu-toolchain/bin/../lib/gcc/arm-none-eabi/6.3.1/../../../../arm-none-eabi/lib/thumb/v7-m\libc.a(lib_a-mallocr.o)
                0x20070a1c                __malloc_sbrk_base
 .data.__malloc_trim_threshold
                0x20070a20        0x4 c:/program files (x86)/atmel/studio/7.0/toolchain/arm/arm-gnu-toolchain/bin/../lib/gcc/arm-none-eabi/6.3.1/../../../../arm-none-eabi/lib/thumb/v7-m\libc.a(lib_a-mallocr.o)
                0x20070a20                __malloc_trim_threshold
 .data.__global_locale
                0x20070a24      0x16c c:/program files (x86)/atmel/studio/7.0/toolchain/arm/arm-gnu-toolchain/bin/../lib/gcc/arm-none-eabi/6.3.1/../../../../arm-none-eabi/lib/thumb/v7-m\libc.a(lib_a-locale.o)
                0x20070a24                __global_locale
                0x20070b90                . = ALIGN (0x4)
                0x20070b90                _erelocate = .

.bss            0x20070b90      0x3b4 load address 0x000881cc
                0x20070b90                . = ALIGN (0x4)
                0x20070b90                _sbss = .
                0x20070b90                _szero = .
 *(.bss .bss.*)
 .bss           0x20070b90       0x1c c:/program files (x86)/atmel/studio/7.0/toolchain/arm/arm-gnu-toolchain/bin/../lib/gcc/arm-none-eabi/6.3.1/thumb/v7-m/crtbegin.o
 .bss.sof_zlp_counter.7961
                0x20070bac        0x2 src/ASF/common/services/usb/class/cdc/device/udi_cdc.o
 .bss.udi_cdc_data_running
                0x20070bae        0x1 src/ASF/common/services/usb/class/cdc/device/udi_cdc.o
 *fill*         0x20070baf        0x1 
 .bss.udi_cdc_line_coding
                0x20070bb0        0x7 src/ASF/common/services/usb/class/cdc/device/udi_cdc.o
 .bss.udi_cdc_nb_comm_enabled
                0x20070bb7        0x1 src/ASF/common/services/usb/class/cdc/device/udi_cdc.o
 .bss.udi_cdc_nb_data_enabled
                0x20070bb8        0x1 src/ASF/common/services/usb/class/cdc/device/udi_cdc.o
 *fill*         0x20070bb9        0x3 
 .bss.udi_cdc_rx_buf
                0x20070bbc       0x80 src/ASF/common/services/usb/class/cdc/device/udi_cdc.o
 .bss.udi_cdc_rx_buf_nb
                0x20070c3c        0x4 src/ASF/common/services/usb/class/cdc/device/udi_cdc.o
 .bss.udi_cdc_rx_buf_sel
                0x20070c40        0x1 src/ASF/common/services/usb/class/cdc/device/udi_cdc.o
 *fill*         0x20070c41        0x3 
 .bss.udi_cdc_rx_pos
                0x20070c44        0x2 src/ASF/common/services/usb/class/cdc/device/udi_cdc.o
 *fill*         0x20070c46        0x2 
 .bss.udi_cdc_rx_trans_ongoing
                0x20070c48        0x1 src/ASF/common/services/usb/class/cdc/device/udi_cdc.o
 *fill*         0x20070c49        0x3 
 .bss.udi_cdc_state
                0x20070c4c        0x2 src/ASF/common/services/usb/class/cdc/device/udi_cdc.o
 *fill*         0x20070c4e        0x2 
 .bss.udi_cdc_tx_both_buf_to_send
                0x20070c50        0x1 src/ASF/common/services/usb/class/cdc/device/udi_cdc.o
 *fill*         0x20070c51        0x3 
 .bss.udi_cdc_tx_buf
                0x20070c54       0x80 src/ASF/common/services/usb/class/cdc/device/udi_cdc.o
 .bss.udi_cdc_tx_buf_nb
                0x20070cd4        0x4 src/ASF/common/services/usb/class/cdc/device/udi_cdc.o
 .bss.udi_cdc_tx_buf_sel
                0x20070cd8        0x1 src/ASF/common/services/usb/class/cdc/device/udi_cdc.o
 *fill*         0x20070cd9        0x3 
 .bss.udi_cdc_tx_sof_num
                0x20070cdc        0x2 src/ASF/common/services/usb/class/cdc/device/udi_cdc.o
 *fill*         0x20070cde        0x2 
 .bss.udi_cdc_tx_trans_ongoing
                0x20070ce0        0x1 src/ASF/common/services/usb/class/cdc/device/udi_cdc.o
 *fill*         0x20070ce1        0x3 
 .bss.uid_cdc_state_msg
                0x20070ce4        0xa src/ASF/common/services/usb/class/cdc/device/udi_cdc.o
 .bss.udc_device_status
                0x20070cee        0x2 src/ASF/common/services/usb/udc/udc.o
 .bss.udc_ep_status.7602
                0x20070cf0        0x2 src/ASF/common/services/usb/udc/udc.o
 *fill*         0x20070cf2        0x2 
 .bss.udc_iface_setting
                0x20070cf4        0x1 src/ASF/common/services/usb/udc/udc.o
 *fill*         0x20070cf5        0x3 
 .bss.udc_num_configuration
                0x20070cf8        0x1 src/ASF/common/services/usb/udc/udc.o
 *fill*         0x20070cf9        0x3 
 .bss.udc_ptr_conf
                0x20070cfc        0x4 src/ASF/common/services/usb/udc/udc.o
 .bss.udc_ptr_iface
                0x20070d00        0x4 src/ASF/common/services/usb/udc/udc.o
 .bss.b_shortpacket.8296
                0x20070d04        0x1 src/ASF/sam/drivers/uotghs/uotghs_device.o
 .bss.udd_b_idle
                0x20070d05        0x1 src/ASF/sam/drivers/uotghs/uotghs_device.o
 .bss.udd_b_sleep_initialized
                0x20070d06        0x1 src/ASF/sam/drivers/uotghs/uotghs_device.o
 *fill*         0x20070d07        0x1 
 .bss.udd_ctrl_payload_buf_cnt
                0x20070d08        0x2 src/ASF/sam/drivers/uotghs/uotghs_device.o
 .bss.udd_ctrl_prev_payload_buf_cnt
                0x20070d0a        0x2 src/ASF/sam/drivers/uotghs/uotghs_device.o
 .bss.udd_ep_control_state
                0x20070d0c        0x1 src/ASF/sam/drivers/uotghs/uotghs_device.o
 *fill*         0x20070d0d        0x3 
 .bss.udd_ep_job
                0x20070d10       0x48 src/ASF/sam/drivers/uotghs/uotghs_device.o
 .bss.gs_interrupt_sources
                0x20070d58       0x70 src/ASF/sam/drivers/pio/pio_handler.o
 .bss.gs_ul_nb_sources
                0x20070dc8        0x4 src/ASF/sam/drivers/pio/pio_handler.o
 .bss.b_is_sleep_clock_used
                0x20070dcc        0x1 src/ASF/sam/drivers/pmc/sleep.o
 *fill*         0x20070dcd        0x3 
 .bss.heap.5297
                0x20070dd0        0x4 src/ASF/sam/utils/syscalls/gcc/syscalls.o
 .bss.MessageCounter
                0x20070dd4        0x1 src/main.o
                0x20070dd4                MessageCounter
 .bss.MessageLength
                0x20070dd5        0x1 src/main.o
                0x20070dd5                MessageLength
 *fill*         0x20070dd6        0x2 
 .bss.__malloc_current_mallinfo
                0x20070dd8       0x28 c:/program files (x86)/atmel/studio/7.0/toolchain/arm/arm-gnu-toolchain/bin/../lib/gcc/arm-none-eabi/6.3.1/../../../../arm-none-eabi/lib/thumb/v7-m\libc.a(lib_a-mallocr.o)
                0x20070dd8                __malloc_current_mallinfo
 .bss.__malloc_max_sbrked_mem
                0x20070e00        0x4 c:/program files (x86)/atmel/studio/7.0/toolchain/arm/arm-gnu-toolchain/bin/../lib/gcc/arm-none-eabi/6.3.1/../../../../arm-none-eabi/lib/thumb/v7-m\libc.a(lib_a-mallocr.o)
                0x20070e00                __malloc_max_sbrked_mem
 .bss.__malloc_max_total_mem
                0x20070e04        0x4 c:/program files (x86)/atmel/studio/7.0/toolchain/arm/arm-gnu-toolchain/bin/../lib/gcc/arm-none-eabi/6.3.1/../../../../arm-none-eabi/lib/thumb/v7-m\libc.a(lib_a-mallocr.o)
                0x20070e04                __malloc_max_total_mem
 .bss.__malloc_top_pad
                0x20070e08        0x4 c:/program files (x86)/atmel/studio/7.0/toolchain/arm/arm-gnu-toolchain/bin/../lib/gcc/arm-none-eabi/6.3.1/../../../../arm-none-eabi/lib/thumb/v7-m\libc.a(lib_a-mallocr.o)
                0x20070e08                __malloc_top_pad
 *(COMMON)
 COMMON         0x20070e0c        0x6 src/ASF/common/services/sleepmgr/sam/sleepmgr.o
                0x20070e0c                sleepmgr_locks
 *fill*         0x20070e12        0x2 
 COMMON         0x20070e14       0x18 src/ASF/sam/drivers/uotghs/uotghs_device.o
                0x20070e14                udd_g_ctrlreq
 COMMON         0x20070e2c       0xf0 src/main.o
                0x20070e2c                DataToSend
                0x20070e54                channelData
 COMMON         0x20070f1c       0x21 c:/program files (x86)/atmel/studio/7.0/toolchain/arm/arm-gnu-toolchain/bin/../lib/gcc/arm-none-eabi/6.3.1/../../../../arm-none-eabi/lib/thumb/v7-m\libc.a(lib_a-lock.o)
                0x20070f1c                __lock___atexit_recursive_mutex
                0x20070f20                __lock___arc4random_mutex
                0x20070f24                __lock___env_recursive_mutex
                0x20070f28                __lock___sinit_recursive_mutex
                0x20070f2c                __lock___malloc_recursive_mutex
                0x20070f30                __lock___at_quick_exit_mutex
                0x20070f34                __lock___dd_hash_mutex
                0x20070f38                __lock___tz_mutex
                0x20070f3c                __lock___sfp_recursive_mutex
 *fill*         0x20070f3d        0x3 
 COMMON         0x20070f40        0x4 c:/program files (x86)/atmel/studio/7.0/toolchain/arm/arm-gnu-toolchain/bin/../lib/gcc/arm-none-eabi/6.3.1/../../../../arm-none-eabi/lib/thumb/v7-m\libc.a(lib_a-reent.o)
                0x20070f40                errno
                0x20070f44                . = ALIGN (0x4)
                0x20070f44                _ebss = .
                0x20070f44                _ezero = .

.stack          0x20070f44     0x2004 load address 0x00088580
                0x20070f48                . = ALIGN (0x8)
 *fill*         0x20070f44        0x4 
                0x20070f48                _sstack = .
                0x20072f48                . = (. + __stack_size__)
 *fill*         0x20070f48     0x2000 
                0x20072f48                . = ALIGN (0x8)
                0x20072f48                _estack = .
                0x20072f48                . = ALIGN (0x4)
                0x20072f48                _end = .
OUTPUT(ADS1298_READ_ID.elf elf32-littlearm)

.ARM.attributes
                0x00000000       0x29
 .ARM.attributes
                0x00000000       0x1d c:/program files (x86)/atmel/studio/7.0/toolchain/arm/arm-gnu-toolchain/bin/../lib/gcc/arm-none-eabi/6.3.1/thumb/v7-m/crti.o
 .ARM.attributes
                0x0000001d       0x2d c:/program files (x86)/atmel/studio/7.0/toolchain/arm/arm-gnu-toolchain/bin/../lib/gcc/arm-none-eabi/6.3.1/thumb/v7-m/crtbegin.o
 .ARM.attributes
                0x0000004a       0x33 src/ASF/common/services/sleepmgr/sam/sleepmgr.o
 .ARM.attributes
                0x0000007d       0x33 src/ASF/common/services/usb/class/cdc/device/udi_cdc.o
 .ARM.attributes
                0x000000b0       0x33 src/ASF/common/services/usb/class/cdc/device/udi_cdc_desc.o
 .ARM.attributes
                0x000000e3       0x33 src/ASF/common/services/usb/udc/udc.o
 .ARM.attributes
                0x00000116       0x33 src/ASF/sam/drivers/uotghs/uotghs_device.o
 .ARM.attributes
                0x00000149       0x33 src/ASF/sam/drivers/spi/spi.o
 .ARM.attributes
                0x0000017c       0x33 src/ASF/common/services/delay/sam/cycle_counter.o
 .ARM.attributes
                0x000001af       0x33 src/ASF/common/services/clock/sam3x/sysclk.o
 .ARM.attributes
                0x000001e2       0x33 src/ASF/common/utils/interrupt/interrupt_sam_nvic.o
 .ARM.attributes
                0x00000215       0x33 src/ASF/sam/drivers/pio/pio.o
 .ARM.attributes
                0x00000248       0x33 src/ASF/sam/drivers/pio/pio_handler.o
 .ARM.attributes
                0x0000027b       0x33 src/ASF/sam/drivers/pmc/pmc.o
 .ARM.attributes
                0x000002ae       0x33 src/ASF/sam/drivers/pmc/sleep.o
 .ARM.attributes
                0x000002e1       0x33 src/ASF/sam/utils/cmsis/sam3x/source/templates/exceptions.o
 .ARM.attributes
                0x00000314       0x33 src/ASF/sam/utils/cmsis/sam3x/source/templates/gcc/startup_sam3x.o
 .ARM.attributes
                0x00000347       0x33 src/ASF/sam/utils/cmsis/sam3x/source/templates/system_sam3x.o
 .ARM.attributes
                0x0000037a       0x33 src/ASF/sam/utils/syscalls/gcc/syscalls.o
 .ARM.attributes
                0x000003ad       0x33 src/main.o
 .ARM.attributes
                0x000003e0       0x2d c:/program files (x86)/atmel/studio/7.0/toolchain/arm/arm-gnu-toolchain/bin/../lib/gcc/arm-none-eabi/6.3.1/../../../../arm-none-eabi/lib/thumb/v7-m\libc.a(lib_a-impure.o)
 .ARM.attributes
                0x0000040d       0x2d c:/program files (x86)/atmel/studio/7.0/toolchain/arm/arm-gnu-toolchain/bin/../lib/gcc/arm-none-eabi/6.3.1/../../../../arm-none-eabi/lib/thumb/v7-m\libc.a(lib_a-init.o)
 .ARM.attributes
                0x0000043a       0x1b c:/program files (x86)/atmel/studio/7.0/toolchain/arm/arm-gnu-toolchain/bin/../lib/gcc/arm-none-eabi/6.3.1/../../../../arm-none-eabi/lib/thumb/v7-m\libc.a(lib_a-memcpy.o)
 .ARM.attributes
                0x00000455       0x2d c:/program files (x86)/atmel/studio/7.0/toolchain/arm/arm-gnu-toolchain/bin/../lib/gcc/arm-none-eabi/6.3.1/../../../../arm-none-eabi/lib/thumb/v7-m\libc.a(lib_a-memset.o)
 .ARM.attributes
                0x00000482       0x2d c:/program files (x86)/atmel/studio/7.0/toolchain/arm/arm-gnu-toolchain/bin/../lib/gcc/arm-none-eabi/6.3.1/../../../../arm-none-eabi/lib/thumb/v7-m\libc.a(lib_a-sprintf.o)
 .ARM.attributes
                0x000004af       0x2d c:/program files (x86)/atmel/studio/7.0/toolchain/arm/arm-gnu-toolchain/bin/../lib/gcc/arm-none-eabi/6.3.1/../../../../arm-none-eabi/lib/thumb/v7-m\libc.a(lib_a-strlen-stub.o)
 .ARM.attributes
                0x000004dc       0x2d c:/program files (x86)/atmel/studio/7.0/toolchain/arm/arm-gnu-toolchain/bin/../lib/gcc/arm-none-eabi/6.3.1/../../../../arm-none-eabi/lib/thumb/v7-m\libc.a(lib_a-svfprintf.o)
 .ARM.attributes
                0x00000509       0x2d c:/program files (x86)/atmel/studio/7.0/toolchain/arm/arm-gnu-toolchain/bin/../lib/gcc/arm-none-eabi/6.3.1/../../../../arm-none-eabi/lib/thumb/v7-m\libc.a(lib_a-__call_atexit.o)
 .ARM.attributes
                0x00000536       0x2d c:/program files (x86)/atmel/studio/7.0/toolchain/arm/arm-gnu-toolchain/bin/../lib/gcc/arm-none-eabi/6.3.1/../../../../arm-none-eabi/lib/thumb/v7-m\libc.a(lib_a-atexit.o)
 .ARM.attributes
                0x00000563       0x2d c:/program files (x86)/atmel/studio/7.0/toolchain/arm/arm-gnu-toolchain/bin/../lib/gcc/arm-none-eabi/6.3.1/../../../../arm-none-eabi/lib/thumb/v7-m\libc.a(lib_a-dtoa.o)
 .ARM.attributes
                0x00000590       0x2d c:/program files (x86)/atmel/studio/7.0/toolchain/arm/arm-gnu-toolchain/bin/../lib/gcc/arm-none-eabi/6.3.1/../../../../arm-none-eabi/lib/thumb/v7-m\libc.a(lib_a-fini.o)
 .ARM.attributes
                0x000005bd       0x2d c:/program files (x86)/atmel/studio/7.0/toolchain/arm/arm-gnu-toolchain/bin/../lib/gcc/arm-none-eabi/6.3.1/../../../../arm-none-eabi/lib/thumb/v7-m\libc.a(lib_a-localeconv.o)
 .ARM.attributes
                0x000005ea       0x2d c:/program files (x86)/atmel/studio/7.0/toolchain/arm/arm-gnu-toolchain/bin/../lib/gcc/arm-none-eabi/6.3.1/../../../../arm-none-eabi/lib/thumb/v7-m\libc.a(lib_a-lock.o)
 .ARM.attributes
                0x00000617       0x2d c:/program files (x86)/atmel/studio/7.0/toolchain/arm/arm-gnu-toolchain/bin/../lib/gcc/arm-none-eabi/6.3.1/../../../../arm-none-eabi/lib/thumb/v7-m\libc.a(lib_a-mallocr.o)
 .ARM.attributes
                0x00000644       0x2d c:/program files (x86)/atmel/studio/7.0/toolchain/arm/arm-gnu-toolchain/bin/../lib/gcc/arm-none-eabi/6.3.1/../../../../arm-none-eabi/lib/thumb/v7-m\libc.a(lib_a-memchr-stub.o)
 .ARM.attributes
                0x00000671       0x2d c:/program files (x86)/atmel/studio/7.0/toolchain/arm/arm-gnu-toolchain/bin/../lib/gcc/arm-none-eabi/6.3.1/../../../../arm-none-eabi/lib/thumb/v7-m\libc.a(lib_a-mlock.o)
 .ARM.attributes
                0x0000069e       0x2d c:/program files (x86)/atmel/studio/7.0/toolchain/arm/arm-gnu-toolchain/bin/../lib/gcc/arm-none-eabi/6.3.1/../../../../arm-none-eabi/lib/thumb/v7-m\libc.a(lib_a-mprec.o)
 .ARM.attributes
                0x000006cb       0x2d c:/program files (x86)/atmel/studio/7.0/toolchain/arm/arm-gnu-toolchain/bin/../lib/gcc/arm-none-eabi/6.3.1/../../../../arm-none-eabi/lib/thumb/v7-m\libc.a(lib_a-sbrkr.o)
 .ARM.attributes
                0x000006f8       0x2d c:/program files (x86)/atmel/studio/7.0/toolchain/arm/arm-gnu-toolchain/bin/../lib/gcc/arm-none-eabi/6.3.1/../../../../arm-none-eabi/lib/thumb/v7-m\libc.a(lib_a-svfiprintf.o)
 .ARM.attributes
                0x00000725       0x2d c:/program files (x86)/atmel/studio/7.0/toolchain/arm/arm-gnu-toolchain/bin/../lib/gcc/arm-none-eabi/6.3.1/../../../../arm-none-eabi/lib/thumb/v7-m\libc.a(lib_a-__atexit.o)
 .ARM.attributes
                0x00000752       0x2d c:/program files (x86)/atmel/studio/7.0/toolchain/arm/arm-gnu-toolchain/bin/../lib/gcc/arm-none-eabi/6.3.1/../../../../arm-none-eabi/lib/thumb/v7-m\libc.a(lib_a-callocr.o)
 .ARM.attributes
                0x0000077f       0x2d c:/program files (x86)/atmel/studio/7.0/toolchain/arm/arm-gnu-toolchain/bin/../lib/gcc/arm-none-eabi/6.3.1/../../../../arm-none-eabi/lib/thumb/v7-m\libc.a(lib_a-freer.o)
 .ARM.attributes
                0x000007ac       0x2d c:/program files (x86)/atmel/studio/7.0/toolchain/arm/arm-gnu-toolchain/bin/../lib/gcc/arm-none-eabi/6.3.1/../../../../arm-none-eabi/lib/thumb/v7-m\libc.a(lib_a-locale.o)
 .ARM.attributes
                0x000007d9       0x2d c:/program files (x86)/atmel/studio/7.0/toolchain/arm/arm-gnu-toolchain/bin/../lib/gcc/arm-none-eabi/6.3.1/../../../../arm-none-eabi/lib/thumb/v7-m\libc.a(lib_a-mbtowc_r.o)
 .ARM.attributes
                0x00000806       0x2d c:/program files (x86)/atmel/studio/7.0/toolchain/arm/arm-gnu-toolchain/bin/../lib/gcc/arm-none-eabi/6.3.1/../../../../arm-none-eabi/lib/thumb/v7-m\libc.a(lib_a-memmove.o)
 .ARM.attributes
                0x00000833       0x2d c:/program files (x86)/atmel/studio/7.0/toolchain/arm/arm-gnu-toolchain/bin/../lib/gcc/arm-none-eabi/6.3.1/../../../../arm-none-eabi/lib/thumb/v7-m\libc.a(lib_a-reallocr.o)
 .ARM.attributes
                0x00000860       0x2d c:/program files (x86)/atmel/studio/7.0/toolchain/arm/arm-gnu-toolchain/bin/../lib/gcc/arm-none-eabi/6.3.1/../../../../arm-none-eabi/lib/thumb/v7-m\libc.a(lib_a-reent.o)
 .ARM.attributes
                0x0000088d       0x2d c:/program files (x86)/atmel/studio/7.0/toolchain/arm/arm-gnu-toolchain/bin/../lib/gcc/arm-none-eabi/6.3.1/../../../../arm-none-eabi/lib/thumb/v7-m\libc.a(lib_a-wctomb_r.o)
 .ARM.attributes
                0x000008ba       0x2d c:/program files (x86)/atmel/studio/7.0/toolchain/arm/arm-gnu-toolchain/bin/../lib/gcc/arm-none-eabi/6.3.1/../../../../arm-none-eabi/lib/thumb/v7-m\libc.a(lib_a-ctype_.o)
 .ARM.attributes
                0x000008e7       0x1d c:/program files (x86)/atmel/studio/7.0/toolchain/arm/arm-gnu-toolchain/bin/../lib/gcc/arm-none-eabi/6.3.1/thumb/v7-m\libgcc.a(_arm_addsubdf3.o)
 .ARM.attributes
                0x00000904       0x1d c:/program files (x86)/atmel/studio/7.0/toolchain/arm/arm-gnu-toolchain/bin/../lib/gcc/arm-none-eabi/6.3.1/thumb/v7-m\libgcc.a(_arm_muldivdf3.o)
 .ARM.attributes
                0x00000921       0x1d c:/program files (x86)/atmel/studio/7.0/toolchain/arm/arm-gnu-toolchain/bin/../lib/gcc/arm-none-eabi/6.3.1/thumb/v7-m\libgcc.a(_arm_cmpdf2.o)
 .ARM.attributes
                0x0000093e       0x1d c:/program files (x86)/atmel/studio/7.0/toolchain/arm/arm-gnu-toolchain/bin/../lib/gcc/arm-none-eabi/6.3.1/thumb/v7-m\libgcc.a(_arm_unorddf2.o)
 .ARM.attributes
                0x0000095b       0x1d c:/program files (x86)/atmel/studio/7.0/toolchain/arm/arm-gnu-toolchain/bin/../lib/gcc/arm-none-eabi/6.3.1/thumb/v7-m\libgcc.a(_arm_fixdfsi.o)
 .ARM.attributes
                0x00000978       0x1d c:/program files (x86)/atmel/studio/7.0/toolchain/arm/arm-gnu-toolchain/bin/../lib/gcc/arm-none-eabi/6.3.1/thumb/v7-m\libgcc.a(_aeabi_uldivmod.o)
 .ARM.attributes
                0x00000995       0x2d c:/program files (x86)/atmel/studio/7.0/toolchain/arm/arm-gnu-toolchain/bin/../lib/gcc/arm-none-eabi/6.3.1/thumb/v7-m\libgcc.a(_udivmoddi4.o)
 .ARM.attributes
                0x000009c2       0x1d c:/program files (x86)/atmel/studio/7.0/toolchain/arm/arm-gnu-toolchain/bin/../lib/gcc/arm-none-eabi/6.3.1/thumb/v7-m\libgcc.a(_dvmd_tls.o)
 .ARM.attributes
                0x000009df       0x1d c:/program files (x86)/atmel/studio/7.0/toolchain/arm/arm-gnu-toolchain/bin/../lib/gcc/arm-none-eabi/6.3.1/thumb/v7-m/crtn.o

.comment        0x00000000       0x59
 .comment       0x00000000       0x59 src/ASF/common/services/sleepmgr/sam/sleepmgr.o
                                 0x5a (size before relaxing)
 .comment       0x00000059       0x5a src/ASF/common/services/usb/class/cdc/device/udi_cdc.o
 .comment       0x00000059       0x5a src/ASF/common/services/usb/class/cdc/device/udi_cdc_desc.o
 .comment       0x00000059       0x5a src/ASF/common/services/usb/udc/udc.o
 .comment       0x00000059       0x5a src/ASF/sam/drivers/uotghs/uotghs_device.o
 .comment       0x00000059       0x5a src/ASF/sam/drivers/spi/spi.o
 .comment       0x00000059       0x5a src/ASF/common/services/delay/sam/cycle_counter.o
 .comment       0x00000059       0x5a src/ASF/common/services/clock/sam3x/sysclk.o
 .comment       0x00000059       0x5a src/ASF/common/utils/interrupt/interrupt_sam_nvic.o
 .comment       0x00000059       0x5a src/ASF/sam/drivers/pio/pio.o
 .comment       0x00000059       0x5a src/ASF/sam/drivers/pio/pio_handler.o
 .comment       0x00000059       0x5a src/ASF/sam/drivers/pmc/pmc.o
 .comment       0x00000059       0x5a src/ASF/sam/drivers/pmc/sleep.o
 .comment       0x00000059       0x5a src/ASF/sam/utils/cmsis/sam3x/source/templates/exceptions.o
 .comment       0x00000059       0x5a src/ASF/sam/utils/cmsis/sam3x/source/templates/gcc/startup_sam3x.o
 .comment       0x00000059       0x5a src/ASF/sam/utils/cmsis/sam3x/source/templates/system_sam3x.o
 .comment       0x00000059       0x5a src/ASF/sam/utils/syscalls/gcc/syscalls.o
 .comment       0x00000059       0x5a src/main.o

.debug_info     0x00000000    0x18e9b
 .debug_info    0x00000000      0xa8e src/ASF/common/services/sleepmgr/sam/sleepmgr.o
 .debug_info    0x00000a8e     0x28fc src/ASF/common/services/usb/class/cdc/device/udi_cdc.o
 .debug_info    0x0000338a     0x124a src/ASF/common/services/usb/class/cdc/device/udi_cdc_desc.o
 .debug_info    0x000045d4     0x1a0f src/ASF/common/services/usb/udc/udc.o
 .debug_info    0x00005fe3     0x3810 src/ASF/sam/drivers/uotghs/uotghs_device.o
 .debug_info    0x000097f3     0x1124 src/ASF/sam/drivers/spi/spi.o
 .debug_info    0x0000a917      0xa45 src/ASF/common/services/delay/sam/cycle_counter.o
 .debug_info    0x0000b35c     0x11ad src/ASF/common/services/clock/sam3x/sysclk.o
 .debug_info    0x0000c509      0xaff src/ASF/common/utils/interrupt/interrupt_sam_nvic.o
 .debug_info    0x0000d008     0x1c61 src/ASF/sam/drivers/pio/pio.o
 .debug_info    0x0000ec69     0x17f6 src/ASF/sam/drivers/pio/pio_handler.o
 .debug_info    0x0001045f     0x19eb src/ASF/sam/drivers/pmc/pmc.o
 .debug_info    0x00011e4a     0x1336 src/ASF/sam/drivers/pmc/sleep.o
 .debug_info    0x00013180      0xa39 src/ASF/sam/utils/cmsis/sam3x/source/templates/exceptions.o
 .debug_info    0x00013bb9      0xd1b src/ASF/sam/utils/cmsis/sam3x/source/templates/gcc/startup_sam3x.o
 .debug_info    0x000148d4      0xdc2 src/ASF/sam/utils/cmsis/sam3x/source/templates/system_sam3x.o
 .debug_info    0x00015696      0xdb0 src/ASF/sam/utils/syscalls/gcc/syscalls.o
 .debug_info    0x00016446     0x2a55 src/main.o

.debug_abbrev   0x00000000     0x3615
 .debug_abbrev  0x00000000      0x1b2 src/ASF/common/services/sleepmgr/sam/sleepmgr.o
 .debug_abbrev  0x000001b2      0x484 src/ASF/common/services/usb/class/cdc/device/udi_cdc.o
 .debug_abbrev  0x00000636      0x1c7 src/ASF/common/services/usb/class/cdc/device/udi_cdc_desc.o
 .debug_abbrev  0x000007fd      0x41d src/ASF/common/services/usb/udc/udc.o
 .debug_abbrev  0x00000c1a      0x5c0 src/ASF/sam/drivers/uotghs/uotghs_device.o
 .debug_abbrev  0x000011da      0x394 src/ASF/sam/drivers/spi/spi.o
 .debug_abbrev  0x0000156e      0x1b3 src/ASF/common/services/delay/sam/cycle_counter.o
 .debug_abbrev  0x00001721      0x330 src/ASF/common/services/clock/sam3x/sysclk.o
 .debug_abbrev  0x00001a51      0x221 src/ASF/common/utils/interrupt/interrupt_sam_nvic.o
 .debug_abbrev  0x00001c72      0x3c7 src/ASF/sam/drivers/pio/pio.o
 .debug_abbrev  0x00002039      0x340 src/ASF/sam/drivers/pio/pio_handler.o
 .debug_abbrev  0x00002379      0x335 src/ASF/sam/drivers/pmc/pmc.o
 .debug_abbrev  0x000026ae      0x314 src/ASF/sam/drivers/pmc/sleep.o
 .debug_abbrev  0x000029c2      0x1a4 src/ASF/sam/utils/cmsis/sam3x/source/templates/exceptions.o
 .debug_abbrev  0x00002b66      0x1f2 src/ASF/sam/utils/cmsis/sam3x/source/templates/gcc/startup_sam3x.o
 .debug_abbrev  0x00002d58      0x1f4 src/ASF/sam/utils/cmsis/sam3x/source/templates/system_sam3x.o
 .debug_abbrev  0x00002f4c      0x264 src/ASF/sam/utils/syscalls/gcc/syscalls.o
 .debug_abbrev  0x000031b0      0x465 src/main.o

.debug_aranges  0x00000000      0x930
 .debug_aranges
                0x00000000       0x18 src/ASF/common/services/sleepmgr/sam/sleepmgr.o
 .debug_aranges
                0x00000018      0x178 src/ASF/common/services/usb/class/cdc/device/udi_cdc.o
 .debug_aranges
                0x00000190       0x18 src/ASF/common/services/usb/class/cdc/device/udi_cdc_desc.o
 .debug_aranges
                0x000001a8       0x70 src/ASF/common/services/usb/udc/udc.o
 .debug_aranges
                0x00000218      0x100 src/ASF/sam/drivers/uotghs/uotghs_device.o
 .debug_aranges
                0x00000318       0x90 src/ASF/sam/drivers/spi/spi.o
 .debug_aranges
                0x000003a8       0x20 src/ASF/common/services/delay/sam/cycle_counter.o
 .debug_aranges
                0x000003c8       0x40 src/ASF/common/services/clock/sam3x/sysclk.o
 .debug_aranges
                0x00000408       0x28 src/ASF/common/utils/interrupt/interrupt_sam_nvic.o
 .debug_aranges
                0x00000430      0x148 src/ASF/sam/drivers/pio/pio.o
 .debug_aranges
                0x00000578       0x58 src/ASF/sam/drivers/pio/pio_handler.o
 .debug_aranges
                0x000005d0      0x200 src/ASF/sam/drivers/pmc/pmc.o
 .debug_aranges
                0x000007d0       0x30 src/ASF/sam/drivers/pmc/sleep.o
 .debug_aranges
                0x00000800       0x20 src/ASF/sam/utils/cmsis/sam3x/source/templates/exceptions.o
 .debug_aranges
                0x00000820       0x20 src/ASF/sam/utils/cmsis/sam3x/source/templates/gcc/startup_sam3x.o
 .debug_aranges
                0x00000840       0x30 src/ASF/sam/utils/cmsis/sam3x/source/templates/system_sam3x.o
 .debug_aranges
                0x00000870       0x60 src/ASF/sam/utils/syscalls/gcc/syscalls.o
 .debug_aranges
                0x000008d0       0x60 src/main.o

.debug_macro    0x00000000    0x1aba1
 .debug_macro   0x00000000      0x594 src/ASF/common/services/sleepmgr/sam/sleepmgr.o
 .debug_macro   0x00000594      0x8d4 src/ASF/common/services/sleepmgr/sam/sleepmgr.o
 .debug_macro   0x00000e68      0x16d src/ASF/common/services/sleepmgr/sam/sleepmgr.o
 .debug_macro   0x00000fd5      0x708 src/ASF/common/services/sleepmgr/sam/sleepmgr.o
 .debug_macro   0x000016dd       0x76 src/ASF/common/services/sleepmgr/sam/sleepmgr.o
 .debug_macro   0x00001753       0x16 src/ASF/common/services/sleepmgr/sam/sleepmgr.o
 .debug_macro   0x00001769      0x6da src/ASF/common/services/sleepmgr/sam/sleepmgr.o
 .debug_macro   0x00001e43       0x22 src/ASF/common/services/sleepmgr/sam/sleepmgr.o
 .debug_macro   0x00001e65       0x87 src/ASF/common/services/sleepmgr/sam/sleepmgr.o
 .debug_macro   0x00001eec       0x51 src/ASF/common/services/sleepmgr/sam/sleepmgr.o
 .debug_macro   0x00001f3d       0xef src/ASF/common/services/sleepmgr/sam/sleepmgr.o
 .debug_macro   0x0000202c       0x6a src/ASF/common/services/sleepmgr/sam/sleepmgr.o
 .debug_macro   0x00002096      0x1df src/ASF/common/services/sleepmgr/sam/sleepmgr.o
 .debug_macro   0x00002275       0x20 src/ASF/common/services/sleepmgr/sam/sleepmgr.o
 .debug_macro   0x00002295       0x1c src/ASF/common/services/sleepmgr/sam/sleepmgr.o
 .debug_macro   0x000022b1       0x22 src/ASF/common/services/sleepmgr/sam/sleepmgr.o
 .debug_macro   0x000022d3       0xc3 src/ASF/common/services/sleepmgr/sam/sleepmgr.o
 .debug_macro   0x00002396      0xe49 src/ASF/common/services/sleepmgr/sam/sleepmgr.o
 .debug_macro   0x000031df      0x11f src/ASF/common/services/sleepmgr/sam/sleepmgr.o
 .debug_macro   0x000032fe      0xaac src/ASF/common/services/sleepmgr/sam/sleepmgr.o
 .debug_macro   0x00003daa      0x55f src/ASF/common/services/sleepmgr/sam/sleepmgr.o
 .debug_macro   0x00004309      0x2ab src/ASF/common/services/sleepmgr/sam/sleepmgr.o
 .debug_macro   0x000045b4      0x310 src/ASF/common/services/sleepmgr/sam/sleepmgr.o
 .debug_macro   0x000048c4      0x746 src/ASF/common/services/sleepmgr/sam/sleepmgr.o
 .debug_macro   0x0000500a       0x82 src/ASF/common/services/sleepmgr/sam/sleepmgr.o
 .debug_macro   0x0000508c      0x571 src/ASF/common/services/sleepmgr/sam/sleepmgr.o
 .debug_macro   0x000055fd       0x1c src/ASF/common/services/sleepmgr/sam/sleepmgr.o
 .debug_macro   0x00005619      0x6ae src/ASF/common/services/sleepmgr/sam/sleepmgr.o
 .debug_macro   0x00005cc7      0x523 src/ASF/common/services/sleepmgr/sam/sleepmgr.o
 .debug_macro   0x000061ea       0xbe src/ASF/common/services/sleepmgr/sam/sleepmgr.o
 .debug_macro   0x000062a8     0x2338 src/ASF/common/services/sleepmgr/sam/sleepmgr.o
 .debug_macro   0x000085e0      0x853 src/ASF/common/services/sleepmgr/sam/sleepmgr.o
 .debug_macro   0x00008e33      0xdbf src/ASF/common/services/sleepmgr/sam/sleepmgr.o
 .debug_macro   0x00009bf2       0x7c src/ASF/common/services/sleepmgr/sam/sleepmgr.o
 .debug_macro   0x00009c6e      0x25a src/ASF/common/services/sleepmgr/sam/sleepmgr.o
 .debug_macro   0x00009ec8       0x58 src/ASF/common/services/sleepmgr/sam/sleepmgr.o
 .debug_macro   0x00009f20      0x99e src/ASF/common/services/sleepmgr/sam/sleepmgr.o
 .debug_macro   0x0000a8be      0x240 src/ASF/common/services/sleepmgr/sam/sleepmgr.o
 .debug_macro   0x0000aafe      0x4d5 src/ASF/common/services/sleepmgr/sam/sleepmgr.o
 .debug_macro   0x0000afd3      0x6a9 src/ASF/common/services/sleepmgr/sam/sleepmgr.o
 .debug_macro   0x0000b67c      0x595 src/ASF/common/services/sleepmgr/sam/sleepmgr.o
 .debug_macro   0x0000bc11       0x46 src/ASF/common/services/sleepmgr/sam/sleepmgr.o
 .debug_macro   0x0000bc57      0x344 src/ASF/common/services/sleepmgr/sam/sleepmgr.o
 .debug_macro   0x0000bf9b      0x283 src/ASF/common/services/sleepmgr/sam/sleepmgr.o
 .debug_macro   0x0000c21e     0x14d7 src/ASF/common/services/sleepmgr/sam/sleepmgr.o
 .debug_macro   0x0000d6f5      0x7b0 src/ASF/common/services/sleepmgr/sam/sleepmgr.o
 .debug_macro   0x0000dea5       0x76 src/ASF/common/services/sleepmgr/sam/sleepmgr.o
 .debug_macro   0x0000df1b       0x82 src/ASF/common/services/sleepmgr/sam/sleepmgr.o
 .debug_macro   0x0000df9d       0x76 src/ASF/common/services/sleepmgr/sam/sleepmgr.o
 .debug_macro   0x0000e013       0x4c src/ASF/common/services/sleepmgr/sam/sleepmgr.o
 .debug_macro   0x0000e05f      0x100 src/ASF/common/services/sleepmgr/sam/sleepmgr.o
 .debug_macro   0x0000e15f      0x100 src/ASF/common/services/sleepmgr/sam/sleepmgr.o
 .debug_macro   0x0000e25f      0x100 src/ASF/common/services/sleepmgr/sam/sleepmgr.o
 .debug_macro   0x0000e35f       0x88 src/ASF/common/services/sleepmgr/sam/sleepmgr.o
 .debug_macro   0x0000e3e7       0x88 src/ASF/common/services/sleepmgr/sam/sleepmgr.o
 .debug_macro   0x0000e46f      0x3b4 src/ASF/common/services/sleepmgr/sam/sleepmgr.o
 .debug_macro   0x0000e823       0xb8 src/ASF/common/services/sleepmgr/sam/sleepmgr.o
 .debug_macro   0x0000e8db       0xb8 src/ASF/common/services/sleepmgr/sam/sleepmgr.o
 .debug_macro   0x0000e993       0xb8 src/ASF/common/services/sleepmgr/sam/sleepmgr.o
 .debug_macro   0x0000ea4b       0xb8 src/ASF/common/services/sleepmgr/sam/sleepmgr.o
 .debug_macro   0x0000eb03      0x2b8 src/ASF/common/services/sleepmgr/sam/sleepmgr.o
 .debug_macro   0x0000edbb      0x11b src/ASF/common/services/sleepmgr/sam/sleepmgr.o
 .debug_macro   0x0000eed6      0x21b src/ASF/common/services/sleepmgr/sam/sleepmgr.o
 .debug_macro   0x0000f0f1      0x21b src/ASF/common/services/sleepmgr/sam/sleepmgr.o
 .debug_macro   0x0000f30c       0x2e src/ASF/common/services/sleepmgr/sam/sleepmgr.o
 .debug_macro   0x0000f33a       0xac src/ASF/common/services/sleepmgr/sam/sleepmgr.o
 .debug_macro   0x0000f3e6      0x143 src/ASF/common/services/sleepmgr/sam/sleepmgr.o
 .debug_macro   0x0000f529       0x7c src/ASF/common/services/sleepmgr/sam/sleepmgr.o
 .debug_macro   0x0000f5a5      0x1fb src/ASF/common/services/sleepmgr/sam/sleepmgr.o
 .debug_macro   0x0000f7a0       0x64 src/ASF/common/services/sleepmgr/sam/sleepmgr.o
 .debug_macro   0x0000f804       0xa6 src/ASF/common/services/sleepmgr/sam/sleepmgr.o
 .debug_macro   0x0000f8aa       0x7c src/ASF/common/services/sleepmgr/sam/sleepmgr.o
 .debug_macro   0x0000f926       0x16 src/ASF/common/services/sleepmgr/sam/sleepmgr.o
 .debug_macro   0x0000f93c       0x22 src/ASF/common/services/sleepmgr/sam/sleepmgr.o
 .debug_macro   0x0000f95e       0x22 src/ASF/common/services/sleepmgr/sam/sleepmgr.o
 .debug_macro   0x0000f980      0x10c src/ASF/common/services/sleepmgr/sam/sleepmgr.o
 .debug_macro   0x0000fa8c      0x10c src/ASF/common/services/sleepmgr/sam/sleepmgr.o
 .debug_macro   0x0000fb98      0x10c src/ASF/common/services/sleepmgr/sam/sleepmgr.o
 .debug_macro   0x0000fca4      0x10c src/ASF/common/services/sleepmgr/sam/sleepmgr.o
 .debug_macro   0x0000fdb0       0x1c src/ASF/common/services/sleepmgr/sam/sleepmgr.o
 .debug_macro   0x0000fdcc       0x2e src/ASF/common/services/sleepmgr/sam/sleepmgr.o
 .debug_macro   0x0000fdfa       0x22 src/ASF/common/services/sleepmgr/sam/sleepmgr.o
 .debug_macro   0x0000fe1c       0x1c src/ASF/common/services/sleepmgr/sam/sleepmgr.o
 .debug_macro   0x0000fe38       0x58 src/ASF/common/services/sleepmgr/sam/sleepmgr.o
 .debug_macro   0x0000fe90       0x10 src/ASF/common/services/sleepmgr/sam/sleepmgr.o
 .debug_macro   0x0000fea0      0x273 src/ASF/common/services/sleepmgr/sam/sleepmgr.o
 .debug_macro   0x00010113      0xd39 src/ASF/common/services/sleepmgr/sam/sleepmgr.o
 .debug_macro   0x00010e4c      0x131 src/ASF/common/services/sleepmgr/sam/sleepmgr.o
 .debug_macro   0x00010f7d       0x58 src/ASF/common/services/sleepmgr/sam/sleepmgr.o
 .debug_macro   0x00010fd5       0x35 src/ASF/common/services/sleepmgr/sam/sleepmgr.o
 .debug_macro   0x0001100a       0x9c src/ASF/common/services/sleepmgr/sam/sleepmgr.o
 .debug_macro   0x000110a6       0x16 src/ASF/common/services/sleepmgr/sam/sleepmgr.o
 .debug_macro   0x000110bc       0x35 src/ASF/common/services/sleepmgr/sam/sleepmgr.o
 .debug_macro   0x000110f1      0x34d src/ASF/common/services/sleepmgr/sam/sleepmgr.o
 .debug_macro   0x0001143e       0x10 src/ASF/common/services/sleepmgr/sam/sleepmgr.o
 .debug_macro   0x0001144e       0x58 src/ASF/common/services/sleepmgr/sam/sleepmgr.o
 .debug_macro   0x000114a6       0x1f src/ASF/common/services/sleepmgr/sam/sleepmgr.o
 .debug_macro   0x000114c5       0x43 src/ASF/common/services/sleepmgr/sam/sleepmgr.o
 .debug_macro   0x00011508       0x20 src/ASF/common/services/sleepmgr/sam/sleepmgr.o
 .debug_macro   0x00011528      0x187 src/ASF/common/services/sleepmgr/sam/sleepmgr.o
 .debug_macro   0x000116af       0x10 src/ASF/common/services/sleepmgr/sam/sleepmgr.o
 .debug_macro   0x000116bf       0x1c src/ASF/common/services/sleepmgr/sam/sleepmgr.o
 .debug_macro   0x000116db       0x52 src/ASF/common/services/sleepmgr/sam/sleepmgr.o
 .debug_macro   0x0001172d       0x40 src/ASF/common/services/sleepmgr/sam/sleepmgr.o
 .debug_macro   0x0001176d       0x10 src/ASF/common/services/sleepmgr/sam/sleepmgr.o
 .debug_macro   0x0001177d       0x40 src/ASF/common/services/sleepmgr/sam/sleepmgr.o
 .debug_macro   0x000117bd       0xd7 src/ASF/common/services/sleepmgr/sam/sleepmgr.o
 .debug_macro   0x00011894       0x16 src/ASF/common/services/sleepmgr/sam/sleepmgr.o
 .debug_macro   0x000118aa      0x18b src/ASF/common/services/sleepmgr/sam/sleepmgr.o
 .debug_macro   0x00011a35       0x22 src/ASF/common/services/sleepmgr/sam/sleepmgr.o
 .debug_macro   0x00011a57       0x16 src/ASF/common/services/sleepmgr/sam/sleepmgr.o
 .debug_macro   0x00011a6d       0x16 src/ASF/common/services/sleepmgr/sam/sleepmgr.o
 .debug_macro   0x00011a83       0x29 src/ASF/common/services/sleepmgr/sam/sleepmgr.o
 .debug_macro   0x00011aac       0x73 src/ASF/common/services/sleepmgr/sam/sleepmgr.o
 .debug_macro   0x00011b1f       0x44 src/ASF/common/services/sleepmgr/sam/sleepmgr.o
 .debug_macro   0x00011b63      0x3ca src/ASF/common/services/sleepmgr/sam/sleepmgr.o
 .debug_macro   0x00011f2d       0x10 src/ASF/common/services/sleepmgr/sam/sleepmgr.o
 .debug_macro   0x00011f3d       0x34 src/ASF/common/services/sleepmgr/sam/sleepmgr.o
 .debug_macro   0x00011f71      0x6a8 src/ASF/common/services/usb/class/cdc/device/udi_cdc.o
 .debug_macro   0x00012619       0x7b src/ASF/common/services/usb/class/cdc/device/udi_cdc.o
 .debug_macro   0x00012694      0x21e src/ASF/common/services/usb/class/cdc/device/udi_cdc.o
 .debug_macro   0x000128b2       0x99 src/ASF/common/services/usb/class/cdc/device/udi_cdc.o
 .debug_macro   0x0001294b      0x241 src/ASF/common/services/usb/class/cdc/device/udi_cdc.o
 .debug_macro   0x00012b8c      0x162 src/ASF/common/services/usb/class/cdc/device/udi_cdc.o
 .debug_macro   0x00012cee       0x16 src/ASF/common/services/usb/class/cdc/device/udi_cdc.o
 .debug_macro   0x00012d04       0x1c src/ASF/common/services/usb/class/cdc/device/udi_cdc.o
 .debug_macro   0x00012d20      0x190 src/ASF/common/services/usb/class/cdc/device/udi_cdc.o
 .debug_macro   0x00012eb0       0x16 src/ASF/common/services/usb/class/cdc/device/udi_cdc.o
 .debug_macro   0x00012ec6      0x60c src/ASF/common/services/usb/class/cdc/device/udi_cdc_desc.o
 .debug_macro   0x000134d2      0x5f8 src/ASF/common/services/usb/udc/udc.o
 .debug_macro   0x00013aca      0x748 src/ASF/sam/drivers/uotghs/uotghs_device.o
 .debug_macro   0x00014212       0x34 src/ASF/sam/drivers/uotghs/uotghs_device.o
 .debug_macro   0x00014246      0x2d8 src/ASF/sam/drivers/uotghs/uotghs_device.o
 .debug_macro   0x0001451e      0x78f src/ASF/sam/drivers/uotghs/uotghs_device.o
 .debug_macro   0x00014cad       0x5e src/ASF/sam/drivers/uotghs/uotghs_device.o
 .debug_macro   0x00014d0b       0x64 src/ASF/sam/drivers/uotghs/uotghs_device.o
 .debug_macro   0x00014d6f       0x5f src/ASF/sam/drivers/uotghs/uotghs_device.o
 .debug_macro   0x00014dce       0x90 src/ASF/sam/drivers/uotghs/uotghs_device.o
 .debug_macro   0x00014e5e      0x1c7 src/ASF/sam/drivers/uotghs/uotghs_device.o
 .debug_macro   0x00015025      0x5c4 src/ASF/sam/drivers/uotghs/uotghs_device.o
 .debug_macro   0x000155e9      0x601 src/ASF/sam/drivers/spi/spi.o
 .debug_macro   0x00015bea       0x10 src/ASF/sam/drivers/spi/spi.o
 .debug_macro   0x00015bfa      0x57d src/ASF/common/services/delay/sam/cycle_counter.o
 .debug_macro   0x00016177       0x22 src/ASF/common/services/delay/sam/cycle_counter.o
 .debug_macro   0x00016199      0x5f1 src/ASF/common/services/clock/sam3x/sysclk.o
 .debug_macro   0x0001678a      0x2d2 src/ASF/common/services/clock/sam3x/sysclk.o
 .debug_macro   0x00016a5c      0x578 src/ASF/common/utils/interrupt/interrupt_sam_nvic.o
 .debug_macro   0x00016fd4       0x3e src/ASF/common/utils/interrupt/interrupt_sam_nvic.o
 .debug_macro   0x00017012      0x589 src/ASF/sam/drivers/pio/pio.o
 .debug_macro   0x0001759b       0x8e src/ASF/sam/drivers/pio/pio.o
 .debug_macro   0x00017629      0x58d src/ASF/sam/drivers/pio/pio_handler.o
 .debug_macro   0x00017bb6      0x583 src/ASF/sam/drivers/pmc/pmc.o
 .debug_macro   0x00018139       0x58 src/ASF/sam/drivers/pmc/pmc.o
 .debug_macro   0x00018191      0x5a3 src/ASF/sam/drivers/pmc/sleep.o
 .debug_macro   0x00018734      0x582 src/ASF/sam/utils/cmsis/sam3x/source/templates/exceptions.o
 .debug_macro   0x00018cb6      0x590 src/ASF/sam/utils/cmsis/sam3x/source/templates/gcc/startup_sam3x.o
 .debug_macro   0x00019246      0x590 src/ASF/sam/utils/cmsis/sam3x/source/templates/system_sam3x.o
 .debug_macro   0x000197d6       0x26 src/ASF/sam/utils/cmsis/sam3x/source/templates/system_sam3x.o
 .debug_macro   0x000197fc      0x1d6 src/ASF/sam/utils/syscalls/gcc/syscalls.o
 .debug_macro   0x000199d2       0x97 src/ASF/sam/utils/syscalls/gcc/syscalls.o
 .debug_macro   0x00019a69      0x353 src/ASF/sam/utils/syscalls/gcc/syscalls.o
 .debug_macro   0x00019dbc       0xf6 src/ASF/sam/utils/syscalls/gcc/syscalls.o
 .debug_macro   0x00019eb2       0x4c src/ASF/sam/utils/syscalls/gcc/syscalls.o
 .debug_macro   0x00019efe       0x16 src/ASF/sam/utils/syscalls/gcc/syscalls.o
 .debug_macro   0x00019f14       0x10 src/ASF/sam/utils/syscalls/gcc/syscalls.o
 .debug_macro   0x00019f24       0x10 src/ASF/sam/utils/syscalls/gcc/syscalls.o
 .debug_macro   0x00019f34       0x35 src/ASF/sam/utils/syscalls/gcc/syscalls.o
 .debug_macro   0x00019f69      0x122 src/ASF/sam/utils/syscalls/gcc/syscalls.o
 .debug_macro   0x0001a08b      0x8f8 src/main.o
 .debug_macro   0x0001a983       0x10 src/main.o
 .debug_macro   0x0001a993       0xbd src/main.o
 .debug_macro   0x0001aa50       0x28 src/main.o
 .debug_macro   0x0001aa78       0x22 src/main.o
 .debug_macro   0x0001aa9a       0x70 src/main.o
 .debug_macro   0x0001ab0a       0x16 src/main.o
 .debug_macro   0x0001ab20       0x81 src/main.o

.debug_line     0x00000000     0xf58e
 .debug_line    0x00000000      0xbd2 src/ASF/common/services/sleepmgr/sam/sleepmgr.o
 .debug_line    0x00000bd2     0x1344 src/ASF/common/services/usb/class/cdc/device/udi_cdc.o
 .debug_line    0x00001f16      0xc54 src/ASF/common/services/usb/class/cdc/device/udi_cdc_desc.o
 .debug_line    0x00002b6a      0xe71 src/ASF/common/services/usb/udc/udc.o
 .debug_line    0x000039db     0x1791 src/ASF/sam/drivers/uotghs/uotghs_device.o
 .debug_line    0x0000516c      0xdcc src/ASF/sam/drivers/spi/spi.o
 .debug_line    0x00005f38      0xb70 src/ASF/common/services/delay/sam/cycle_counter.o
 .debug_line    0x00006aa8      0xcdc src/ASF/common/services/clock/sam3x/sysclk.o
 .debug_line    0x00007784      0xb7f src/ASF/common/utils/interrupt/interrupt_sam_nvic.o
 .debug_line    0x00008303      0xeeb src/ASF/sam/drivers/pio/pio.o
 .debug_line    0x000091ee      0xc3b src/ASF/sam/drivers/pio/pio_handler.o
 .debug_line    0x00009e29     0x10e4 src/ASF/sam/drivers/pmc/pmc.o
 .debug_line    0x0000af0d      0xce5 src/ASF/sam/drivers/pmc/sleep.o
 .debug_line    0x0000bbf2      0xb45 src/ASF/sam/utils/cmsis/sam3x/source/templates/exceptions.o
 .debug_line    0x0000c737      0xb8e src/ASF/sam/utils/cmsis/sam3x/source/templates/gcc/startup_sam3x.o
 .debug_line    0x0000d2c5      0xbc0 src/ASF/sam/utils/cmsis/sam3x/source/templates/system_sam3x.o
 .debug_line    0x0000de85      0x40b src/ASF/sam/utils/syscalls/gcc/syscalls.o
 .debug_line    0x0000e290     0x12fe src/main.o

.debug_str      0x00000000    0x729ef
 .debug_str     0x00000000    0x5ed42 src/ASF/common/services/sleepmgr/sam/sleepmgr.o
                              0x5f105 (size before relaxing)
 .debug_str     0x0005ed42     0x47e3 src/ASF/common/services/usb/class/cdc/device/udi_cdc.o
                              0x637bb (size before relaxing)
 .debug_str     0x00063525      0x44c src/ASF/common/services/usb/class/cdc/device/udi_cdc_desc.o
                              0x62e2c (size before relaxing)
 .debug_str     0x00063971      0x743 src/ASF/common/services/usb/udc/udc.o
                              0x61e63 (size before relaxing)
 .debug_str     0x000640b4     0xb61f src/ASF/sam/drivers/uotghs/uotghs_device.o
                              0x6d02e (size before relaxing)
 .debug_str     0x0006f6d3      0x44f src/ASF/sam/drivers/spi/spi.o
                              0x630e1 (size before relaxing)
 .debug_str     0x0006fb22      0x1a9 src/ASF/common/services/delay/sam/cycle_counter.o
                              0x5f0ed (size before relaxing)
 .debug_str     0x0006fccb      0x3ca src/ASF/common/services/clock/sam3x/sysclk.o
                              0x63082 (size before relaxing)
 .debug_str     0x00070095       0x65 src/ASF/common/utils/interrupt/interrupt_sam_nvic.o
                              0x5efc9 (size before relaxing)
 .debug_str     0x000700fa      0x90f src/ASF/sam/drivers/pio/pio.o
                              0x5f91d (size before relaxing)
 .debug_str     0x00070a09      0x159 src/ASF/sam/drivers/pio/pio_handler.o
                              0x5fa2a (size before relaxing)
 .debug_str     0x00070b62      0x547 src/ASF/sam/drivers/pmc/pmc.o
                              0x5f987 (size before relaxing)
 .debug_str     0x000710a9      0x16b src/ASF/sam/drivers/pmc/sleep.o
                              0x62931 (size before relaxing)
 .debug_str     0x00071214       0x4d src/ASF/sam/utils/cmsis/sam3x/source/templates/exceptions.o
                              0x5ef92 (size before relaxing)
 .debug_str     0x00071261       0xec src/ASF/sam/utils/cmsis/sam3x/source/templates/gcc/startup_sam3x.o
                              0x5f0a6 (size before relaxing)
 .debug_str     0x0007134d      0x171 src/ASF/sam/utils/cmsis/sam3x/source/templates/system_sam3x.o
                              0x5f26a (size before relaxing)
 .debug_str     0x000714be      0x775 src/ASF/sam/utils/syscalls/gcc/syscalls.o
                               0x742e (size before relaxing)
 .debug_str     0x00071c33      0xdbc src/main.o
                              0x682bd (size before relaxing)

.debug_loc      0x00000000     0x5ae9
 .debug_loc     0x00000000     0x11ee src/ASF/common/services/usb/class/cdc/device/udi_cdc.o
 .debug_loc     0x000011ee      0x49b src/ASF/common/services/usb/udc/udc.o
 .debug_loc     0x00001689     0x166c src/ASF/sam/drivers/uotghs/uotghs_device.o
 .debug_loc     0x00002cf5      0x5b6 src/ASF/sam/drivers/spi/spi.o
 .debug_loc     0x000032ab      0x183 src/ASF/common/services/clock/sam3x/sysclk.o
 .debug_loc     0x0000342e      0xacc src/ASF/sam/drivers/pio/pio.o
 .debug_loc     0x00003efa      0x571 src/ASF/sam/drivers/pio/pio_handler.o
 .debug_loc     0x0000446b      0xa54 src/ASF/sam/drivers/pmc/pmc.o
 .debug_loc     0x00004ebf      0x43b src/ASF/sam/drivers/pmc/sleep.o
 .debug_loc     0x000052fa       0x6b src/ASF/sam/utils/cmsis/sam3x/source/templates/gcc/startup_sam3x.o
 .debug_loc     0x00005365       0xfd src/ASF/sam/utils/syscalls/gcc/syscalls.o
 .debug_loc     0x00005462      0x687 src/main.o

.debug_ranges   0x00000000      0x958
 .debug_ranges  0x00000000      0x1b0 src/ASF/common/services/usb/class/cdc/device/udi_cdc.o
 .debug_ranges  0x000001b0       0xa8 src/ASF/common/services/usb/udc/udc.o
 .debug_ranges  0x00000258      0x158 src/ASF/sam/drivers/uotghs/uotghs_device.o
 .debug_ranges  0x000003b0       0x80 src/ASF/sam/drivers/spi/spi.o
 .debug_ranges  0x00000430       0x10 src/ASF/common/services/delay/sam/cycle_counter.o
 .debug_ranges  0x00000440       0x30 src/ASF/common/services/clock/sam3x/sysclk.o
 .debug_ranges  0x00000470       0x18 src/ASF/common/utils/interrupt/interrupt_sam_nvic.o
 .debug_ranges  0x00000488      0x150 src/ASF/sam/drivers/pio/pio.o
 .debug_ranges  0x000005d8       0x60 src/ASF/sam/drivers/pio/pio_handler.o
 .debug_ranges  0x00000638      0x1f0 src/ASF/sam/drivers/pmc/pmc.o
 .debug_ranges  0x00000828       0x50 src/ASF/sam/drivers/pmc/sleep.o
 .debug_ranges  0x00000878       0x10 src/ASF/sam/utils/cmsis/sam3x/source/templates/exceptions.o
 .debug_ranges  0x00000888       0x10 src/ASF/sam/utils/cmsis/sam3x/source/templates/gcc/startup_sam3x.o
 .debug_ranges  0x00000898       0x20 src/ASF/sam/utils/cmsis/sam3x/source/templates/system_sam3x.o
 .debug_ranges  0x000008b8       0x50 src/ASF/sam/utils/syscalls/gcc/syscalls.o
 .debug_ranges  0x00000908       0x50 src/main.o

.debug_frame    0x00000000     0x21cc
 .debug_frame   0x00000000      0x48c src/ASF/common/services/usb/class/cdc/device/udi_cdc.o
 .debug_frame   0x0000048c      0x13c src/ASF/common/services/usb/udc/udc.o
 .debug_frame   0x000005c8      0x34c src/ASF/sam/drivers/uotghs/uotghs_device.o
 .debug_frame   0x00000914      0x140 src/ASF/sam/drivers/spi/spi.o
 .debug_frame   0x00000a54       0x20 src/ASF/common/services/delay/sam/cycle_counter.o